Component: ARM Compiler 6.14 Tool: armlink [5db06800]

==============================================================================

Section Cross References

    ds1307.o(.ARM.exidx.text._Z20Ds1307_Days_In_Monthhh) refers to ds1307.o(.text._Z20Ds1307_Days_In_Monthhh) for [Anonymous Symbol]
    ds1307.o(.text._Z20Ds1307_Time_Is_ValidPK11Ds1307_Time) refers to ds1307.o(.text._Z20Ds1307_Days_In_Monthhh) for Ds1307_Days_In_Month(unsigned char, unsigned char)
    ds1307.o(.ARM.exidx.text._Z20Ds1307_Time_Is_ValidPK11Ds1307_Time) refers to ds1307.o(.text._Z20Ds1307_Time_Is_ValidPK11Ds1307_Time) for [Anonymous Symbol]
    ds1307.o(.text._ZN6Ds13075StartEv) refers to i2c.o(.text._ZN3I2c8Read_RegEhhPhtj) for I2c::Read_Reg(unsigned char, unsigned char, unsigned char*, unsigned short, unsigned)
    ds1307.o(.text._ZN6Ds13075StartEv) refers to i2c.o(.text._ZN3I2c9Write_RegEhhPKhtj) for I2c::Write_Reg(unsigned char, unsigned char, const unsigned char*, unsigned short, unsigned)
    ds1307.o(.ARM.exidx.text._ZN6Ds13075StartEv) refers to ds1307.o(.text._ZN6Ds13075StartEv) for [Anonymous Symbol]
    ds1307.o(.text._ZN6Ds13078Set_TimeERK11Ds1307_Time) refers to ds1307.o(.text._Z20Ds1307_Time_Is_ValidPK11Ds1307_Time) for Ds1307_Time_Is_Valid(const Ds1307_Time*)
    ds1307.o(.text._ZN6Ds13078Set_TimeERK11Ds1307_Time) refers to ds1307.o(.text._ZL10Bcd_Encodeh) for _ZL10Bcd_Encodeh
    ds1307.o(.text._ZN6Ds13078Set_TimeERK11Ds1307_Time) refers to i2c.o(.text._ZN3I2c9Write_RegEhhPKhtj) for I2c::Write_Reg(unsigned char, unsigned char, const unsigned char*, unsigned short, unsigned)
    ds1307.o(.ARM.exidx.text._ZN6Ds13078Set_TimeERK11Ds1307_Time) refers to ds1307.o(.text._ZN6Ds13078Set_TimeERK11Ds1307_Time) for [Anonymous Symbol]
    ds1307.o(.ARM.exidx.text._ZL10Bcd_Encodeh) refers to ds1307.o(.text._ZL10Bcd_Encodeh) for [Anonymous Symbol]
    ds1307.o(.text._ZN6Ds13078Get_TimeEP11Ds1307_Time) refers to i2c.o(.text._ZN3I2c8Read_RegEhhPhtj) for I2c::Read_Reg(unsigned char, unsigned char, unsigned char*, unsigned short, unsigned)
    ds1307.o(.text._ZN6Ds13078Get_TimeEP11Ds1307_Time) refers to ds1307.o(.text._ZL10Bcd_Decodeh) for _ZL10Bcd_Decodeh
    ds1307.o(.ARM.exidx.text._ZN6Ds13078Get_TimeEP11Ds1307_Time) refers to ds1307.o(.text._ZN6Ds13078Get_TimeEP11Ds1307_Time) for [Anonymous Symbol]
    ds1307.o(.ARM.exidx.text._ZL10Bcd_Decodeh) refers to ds1307.o(.text._ZL10Bcd_Decodeh) for [Anonymous Symbol]
    gpio.o(.text._ZN7GpioPinC2EP12GPIO_TypeDeft) refers to gpio.o(.rodata._ZTV7GpioPin) for vtable for GpioPin
    gpio.o(.ARM.exidx.text._ZN7GpioPinC2EP12GPIO_TypeDeft) refers to gpio.o(.text._ZN7GpioPinC2EP12GPIO_TypeDeft) for [Anonymous Symbol]
    gpio.o(.text._ZN7GpioPinC2EP12GPIO_TypeDeft9GPIO_Mode10GPIO_Speed) refers to gpio.o(.rodata._ZTV7GpioPin) for vtable for GpioPin
    gpio.o(.ARM.exidx.text._ZN7GpioPinC2EP12GPIO_TypeDeft9GPIO_Mode10GPIO_Speed) refers to gpio.o(.text._ZN7GpioPinC2EP12GPIO_TypeDeft9GPIO_Mode10GPIO_Speed) for [Anonymous Symbol]
    gpio.o(.text._ZN7GpioPin12Enable_ClockEv) refers to gpio.o(.text._ZN7GpioPin13Rcc_From_PortEP12GPIO_TypeDef) for GpioPin::Rcc_From_Port(GPIO_TypeDef*)
    gpio.o(.text._ZN7GpioPin12Enable_ClockEv) refers to stm32f10x_rcc.o(.text.RCC_APB2PeriphClockCmd) for RCC_APB2PeriphClockCmd
    gpio.o(.ARM.exidx.text._ZN7GpioPin12Enable_ClockEv) refers to gpio.o(.text._ZN7GpioPin12Enable_ClockEv) for [Anonymous Symbol]
    gpio.o(.ARM.exidx.text._ZN7GpioPin13Rcc_From_PortEP12GPIO_TypeDef) refers to gpio.o(.text._ZN7GpioPin13Rcc_From_PortEP12GPIO_TypeDef) for [Anonymous Symbol]
    gpio.o(.text._ZN7GpioPin9ConfigureE9GPIO_Mode10GPIO_Speed) refers to stm32f10x_rcc.o(.text.RCC_APB2PeriphClockCmd) for RCC_APB2PeriphClockCmd
    gpio.o(.text._ZN7GpioPin9ConfigureE9GPIO_Mode10GPIO_Speed) refers to stm32f10x_gpio.o(.text.GPIO_Init) for GPIO_Init
    gpio.o(.ARM.exidx.text._ZN7GpioPin9ConfigureE9GPIO_Mode10GPIO_Speed) refers to gpio.o(.text._ZN7GpioPin9ConfigureE9GPIO_Mode10GPIO_Speed) for [Anonymous Symbol]
    gpio.o(.ARM.exidx.text._ZN7GpioPin16As_Input_Pull_UpEv) refers to gpio.o(.text._ZN7GpioPin16As_Input_Pull_UpEv) for [Anonymous Symbol]
    gpio.o(.ARM.exidx.text._ZN7GpioPin18As_Input_Pull_DownEv) refers to gpio.o(.text._ZN7GpioPin18As_Input_Pull_DownEv) for [Anonymous Symbol]
    gpio.o(.ARM.exidx.text._ZN7GpioPin17As_Input_FloatingEv) refers to gpio.o(.text._ZN7GpioPin17As_Input_FloatingEv) for [Anonymous Symbol]
    gpio.o(.ARM.exidx.text._ZN7GpioPin19As_Output_Push_PullE10GPIO_Speed) refers to gpio.o(.text._ZN7GpioPin19As_Output_Push_PullE10GPIO_Speed) for [Anonymous Symbol]
    gpio.o(.ARM.exidx.text._ZN7GpioPin20As_Output_Open_DrainE10GPIO_Speed) refers to gpio.o(.text._ZN7GpioPin20As_Output_Open_DrainE10GPIO_Speed) for [Anonymous Symbol]
    gpio.o(.text._ZN7GpioPin11Button_InitEbth) refers to gpio.o(.text._ZN7GpioPin12Button_ResetEv) for GpioPin::Button_Reset()
[...]
    _memset_w                                0x08000993   Thumb Code     0  rt_memclr_w.o(.text)
    _sys_exit                                0x080009dd   Thumb Code     8  sys_exit.o(.text)
    __rt_heap_descriptor                     0x080009e9   Thumb Code    10  rt_heap_descriptor_twolibspace.o(.text)
    __rt_ddtor_pointer_addr                  0x080009f3   Thumb Code    10  rt_ddtor_pointer_addr_twolibspace.o(.text)
    __use_no_heap                            0x080009fd   Thumb Code     2  hguard.o(.text)
    __heap$guard                             0x080009ff   Thumb Code     2  hguard.o(.text)
    _terminate_user_alloc                    0x08000a01   Thumb Code     2  init_alloc.o(.text)
    _init_user_alloc                         0x08000a03   Thumb Code     2  init_alloc.o(.text)
    __Heap_Full                              0x08000a05   Thumb Code    34  init_alloc.o(.text)
    __Heap_Broken                            0x08000a27   Thumb Code     6  init_alloc.o(.text)
    _init_alloc                              0x08000a2d   Thumb Code    94  init_alloc.o(.text)
    __Heap_Initialize                        0x08000a8b   Thumb Code    14  h1_init_threads.o(.text)
    __Heap_DescSize                          0x08000a99   Thumb Code     4  h1_init_threads.o(.text)
    __cxa_finalize                           0x08000a9d   Thumb Code    66  cxa_finalize.o(.text)
    __rt_SIGABRT                             0x08000adf   Thumb Code    14  defsig_abrt_outer.o(.text)
    __user_libspace                          0x08000aed   Thumb Code     8  libspace.o(.text)
    __user_perproc_libspace                  0x08000aed   Thumb Code     0  libspace.o(.text)
    __I$use$semihosting                      0x08000af5   Thumb Code     0  use_no_semi.o(.text)
    __use_no_semihosting_swi                 0x08000af5   Thumb Code     2  use_no_semi.o(.text)
    __semihosting_library_function           0x08000af7   Thumb Code     0  indicate_semi.o(.text)
    __user_setup_stackheap                   0x08000af7   Thumb Code    74  sys_stackheap_outer.o(.text)
    _maybe_terminate_alloc                   0x08000b41   Thumb Code     0  maybetermalloc2.o(.text)
    __Heap_ProvideMemory                     0x08000b4f   Thumb Code    68  h1_extend_threads.o(.text)
    exit                                     0x08000b93   Thumb Code    18  exit.o(.text)
    __sig_exit                               0x08000ba5   Thumb Code    10  defsig_exit.o(.text)
    __rt_SIGABRT_inner                       0x08000bb1   Thumb Code    14  defsig_abrt_inner.o(.text)
    __rt_SIGRTMEM                            0x08000be1   Thumb Code    14  defsig_rtmem_outer.o(.text)
    _terminate_alloc                         0x08000bef   Thumb Code    16  term_alloc.o(.text)
    __default_signal_display                 0x08000bff   Thumb Code    50  defsig_general.o(.text)
    __rt_SIGRTMEM_inner                      0x08000c31   Thumb Code    22  defsig_rtmem_inner.o(.text)
    _ttywrch                                 0x08000c81   Thumb Code    14  sys_wrch.o(.text)
    __Heap_Finalize                          0x08000c8f   Thumb Code    10  h1_final_threads.o(.text)
    EXTI1_IRQHandler                         0x08000c99   Thumb Code    26  rotary.o(.text.EXTI1_IRQHandler)
    EXTI2_IRQHandler                         0x08000cb5   Thumb Code    26  rotary.o(.text.EXTI2_IRQHandler)
    EXTI_ClearITPendingBit                   0x08000cd1   Thumb Code    12  stm32f10x_exti.o(.text.EXTI_ClearITPendingBit)
    EXTI_GetITStatus                         0x08000cdd   Thumb Code    30  stm32f10x_exti.o(.text.EXTI_GetITStatus)
    EXTI_Init                                0x08000cfd   Thumb Code   104  stm32f10x_exti.o(.text.EXTI_Init)
    EXTI_StructInit                          0x08000d65   Thumb Code    14  stm32f10x_exti.o(.text.EXTI_StructInit)
    GPIO_EXTILineConfig                      0x08000d75   Thumb Code    46  stm32f10x_gpio.o(.text.GPIO_EXTILineConfig)
    GPIO_Init                                0x08000da5   Thumb Code   176  stm32f10x_gpio.o(.text.GPIO_Init)
    GPIO_ReadInputDataBit                    0x08000e55   Thumb Code    10  stm32f10x_gpio.o(.text.GPIO_ReadInputDataBit)
    GPIO_ResetBits                           0x08000e61   Thumb Code     4  stm32f10x_gpio.o(.text.GPIO_ResetBits)
    GPIO_SetBits                             0x08000e65   Thumb Code     4  stm32f10x_gpio.o(.text.GPIO_SetBits)
    I2C_AcknowledgeConfig                    0x08000e69   Thumb Code    18  stm32f10x_i2c.o(.text.I2C_AcknowledgeConfig)
    I2C_CheckEvent                           0x08000e7d   Thumb Code    22  stm32f10x_i2c.o(.text.I2C_CheckEvent)
    I2C_Cmd                                  0x08000e95   Thumb Code    18  stm32f10x_i2c.o(.text.I2C_Cmd)
    I2C_DeInit                               0x08000ea9   Thumb Code    40  stm32f10x_i2c.o(.text.I2C_DeInit)
    I2C_GenerateSTART                        0x08000ed1   Thumb Code    18  stm32f10x_i2c.o(.text.I2C_GenerateSTART)
    I2C_GenerateSTOP                         0x08000ee5   Thumb Code    18  stm32f10x_i2c.o(.text.I2C_GenerateSTOP)
    I2C_GetFlagStatus                        0x08000ef9   Thumb Code    48  stm32f10x_i2c.o(.text.I2C_GetFlagStatus)
    I2C_Init                                 0x08000f29   Thumb Code   204  stm32f10x_i2c.o(.text.I2C_Init)
    I2C_ReceiveData                          0x08000ff5   Thumb Code     6  stm32f10x_i2c.o(.text.I2C_ReceiveData)
    I2C_Send7bitAddress                      0x08000ffd   Thumb Code    16  stm32f10x_i2c.o(.text.I2C_Send7bitAddress)
    I2C_SendData                             0x0800100d   Thumb Code     4  stm32f10x_i2c.o(.text.I2C_SendData)
    NVIC_Init                                0x08001011   Thumb Code    94  misc.o(.text.NVIC_Init)
    NVIC_PriorityGroupConfig                 0x08001071   Thumb Code    20  misc.o(.text.NVIC_PriorityGroupConfig)
    PWR_ClearFlag                            0x08001085   Thumb Code    18  stm32f10x_pwr.o(.text.PWR_ClearFlag)
    PWR_EnterSTANDBYMode                     0x08001099   Thumb Code    36  stm32f10x_pwr.o(.text.PWR_EnterSTANDBYMode)
    PWR_GetFlagStatus                        0x080010bd   Thumb Code    18  stm32f10x_pwr.o(.text.PWR_GetFlagStatus)
    PWR_WakeUpPinCmd                         0x080010d1   Thumb Code    10  stm32f10x_pwr.o(.text.PWR_WakeUpPinCmd)
    PendSV_Handler                           0x080010dd   Thumb Code    68  port.o(.text.PendSV_Handler)
    RCC_APB1PeriphClockCmd                   0x08001121   Thumb Code    24  stm32f10x_rcc.o(.text.RCC_APB1PeriphClockCmd)
    RCC_APB1PeriphResetCmd                   0x08001139   Thumb Code    24  stm32f10x_rcc.o(.text.RCC_APB1PeriphResetCmd)
    RCC_APB2PeriphClockCmd                   0x08001151   Thumb Code    24  stm32f10x_rcc.o(.text.RCC_APB2PeriphClockCmd)
    RCC_GetClocksFreq                        0x08001169   Thumb Code   160  stm32f10x_rcc.o(.text.RCC_GetClocksFreq)
    SVC_Handler                              0x08001209   Thumb Code    36  port.o(.text.SVC_Handler)
    SysTick_Handler                          0x080012f5   Thumb Code    26  cmsis_os2.o(.text.SysTick_Handler)
    SystemCoreClockUpdate                    0x08001311   Thumb Code   110  system_stm32f10x.o(.text.SystemCoreClockUpdate)
    SystemInit                               0x08001381   Thumb Code    86  system_stm32f10x.o(.text.SystemInit)
    USART1_IRQHandler                        0x080013d9   Thumb Code   186  uart.o(.text.USART1_IRQHandler)
    USART_Cmd                                0x08001495   Thumb Code    18  stm32f10x_usart.o(.text.USART_Cmd)
    USART_GetFlagStatus                      0x080014a9   Thumb Code    10  stm32f10x_usart.o(.text.USART_GetFlagStatus)
    USART_GetITStatus                        0x080014b5   Thumb Code    58  stm32f10x_usart.o(.text.USART_GetITStatus)
    USART_ITConfig                           0x080014f1   Thumb Code    46  stm32f10x_usart.o(.text.USART_ITConfig)
    USART_Init                               0x08001521   Thumb Code   178  stm32f10x_usart.o(.text.USART_Init)
    USART_ReceiveData                        0x080015d5   Thumb Code     8  stm32f10x_usart.o(.text.USART_ReceiveData)
    USART_SendData                           0x080015dd   Thumb Code     8  stm32f10x_usart.o(.text.USART_SendData)
    USART_StructInit                         0x080015e5   Thumb Code    18  stm32f10x_usart.o(.text.USART_StructInit)
    Ds1307_Days_In_Month(unsigned char, unsigned char) 0x08001615   Thumb Code    48  ds1307.o(.text._Z20Ds1307_Days_In_Monthhh)
    Ds1307_Time_Is_Valid(const Ds1307_Time*) 0x08001645   Thumb Code    74  ds1307.o(.text._Z20Ds1307_Time_Is_ValidPK11Ds1307_Time)
    IByteReader::IByteReader__sub_object()   0x080025b5   Thumb Code    14  uart.o(.text._ZN11IByteReaderC2Ev)
    IByteReader::~IByteReader__deallocating() 0x080025c5   Thumb Code     2  uart.o(.text._ZN11IByteReaderD0Ev)
    IByteReader::~IByteReader__sub_object()  0x080025c9   Thumb Code     2  main.o(.text._ZN11IByteReaderD2Ev)
    IByteWriter::Write(const char*)          0x080025cd   Thumb Code    32  main.o(.text._ZN11IByteWriter5WriteEPKc)
    IByteWriter::IByteWriter__sub_object()   0x080025ed   Thumb Code    14  uart.o(.text._ZN11IByteWriterC2Ev)
    IByteWriter::~IByteWriter__deallocating() 0x080025fd   Thumb Code     2  uart.o(.text._ZN11IByteWriterD0Ev)
    IByteWriter::~IByteWriter__sub_object()  0x08002601   Thumb Code     2  main.o(.text._ZN11IByteWriterD2Ev)
    RotaryEncoder::Handle_ISR()              0x08002605   Thumb Code   268  rotary.o(.text._ZN13RotaryEncoder10Handle_ISREv)
    RotaryEncoder::ISR_Dispatch()            0x08002711   Thumb Code    22  rotary.o(.text._ZN13RotaryEncoder12ISR_DispatchEv)
    RotaryEncoder::Set_Event_Queue(QueueDefinition*) 0x08002729   Thumb Code    12  main.o(.text._ZN13RotaryEncoder15Set_Event_QueueEP15QueueDefinition)
    RotaryEncoder::Gpio_And_Exti_Init()      0x08002735   Thumb Code   264  rotary.o(.text._ZN13RotaryEncoder18Gpio_And_Exti_InitEv)
    RotaryEncoder::RotaryEncoder(GPIO_TypeDef*, unsigned short, unsigned short, unsigned, unsigned char) 0x0800283d   Thumb Code   156  rotary.o(.text._ZN13RotaryEncoderC2EP12GPIO_TypeDefttjh)
    RotaryEncoder::RotaryEncoder__sub_object(GPIO_TypeDef*, unsigned short, unsigned short, unsigned, unsigned char) 0x0800283d   Thumb Code   156  rotary.o(.text._ZN13RotaryEncoderC2EP12GPIO_TypeDefttjh)
    I2c::Send_Address(unsigned char, unsigned char, unsigned) 0x080028d9   Thumb Code    78  i2c.o(.text._ZN3I2c12Send_AddressEhhj)
    I2c::I2c_Periph_Init(unsigned)           0x08002929   Thumb Code    58  i2c.o(.text._ZN3I2c15I2c_Periph_InitEj)
    I2c::Gpio_Init_For_Bus(I2c::I2C_BUS)     0x08002965   Thumb Code    54  i2c.o(.text._ZN3I2c17Gpio_Init_For_BusENS_7I2C_BUSE)
    I2c::Gpio_Deinit_For_Bus(I2c::I2C_BUS)   0x0800299d   Thumb Code    42  i2c.o(.text._ZN3I2c19Gpio_Deinit_For_BusENS_7I2C_BUSE)
    I2c::Init(I2c::I2C_BUS, unsigned)        0x080029c9   Thumb Code    74  i2c.o(.text._ZN3I2c4InitENS_7I2C_BUSEj)
    I2c::Stop()                              0x08002a15   Thumb Code    14  i2c.o(.text._ZN3I2c4StopEv)
    I2c::Start(unsigned)                     0x08002a25   Thumb Code    46  i2c.o(.text._ZN3I2c5StartEj)
    I2c::Write(unsigned char, const unsigned char*, unsigned short, unsigned) 0x08002a55   Thumb Code    96  i2c.o(.text._ZN3I2c5WriteEhPKhtj)
    I2c::Deinit()                            0x08002ab5   Thumb Code    82  i2c.o(.text._ZN3I2c6DeinitEv)
    I2c::Read_Reg(unsigned char, unsigned char, unsigned char*, unsigned short, unsigned) 0x08002b09   Thumb Code   538  i2c.o(.text._ZN3I2c8Read_RegEhhPhtj)
    I2c::Send_Byte(unsigned char, unsigned)  0x08002d25   Thumb Code    42  i2c.o(.text._ZN3I2c9Send_ByteEhj)
    I2c::Write_Reg(unsigned char, unsigned char, const unsigned char*, unsigned short, unsigned) 0x08002d51   Thumb Code   112  i2c.o(.text._ZN3I2c9Write_RegEhhPKhtj)
    I2c::I2c__sub_object()                   0x08002dc1   Thumb Code    10  main.o(.text._ZN3I2cC2Ev)
    Uart::Setup_Uart(unsigned, unsigned short, unsigned short) 0x08002dcd   Thumb Code    66  uart.o(.text._ZN4Uart10Setup_UartEjtt)
    Uart::Write_Char(char)                   0x08002e11   Thumb Code    42  uart.o(.text._ZN4Uart10Write_CharEc)
    Uart::Enable_Clocks()                    0x08002e3d   Thumb Code    70  uart.o(.text._ZN4Uart13Enable_ClocksEv)
    Uart::Setup_Default_Pins()               0x08002e85   Thumb Code    28  uart.o(.text._ZN4Uart18Setup_Default_PinsEv)
    Uart::End()                              0x08002ea1   Thumb Code    12  uart.o(.text._ZN4Uart3EndEv)
    Uart::Read()                             0x08002ead   Thumb Code    30  uart.o(.text._ZN4Uart4ReadEv)
    Uart::Begin(unsigned, unsigned short, unsigned short) 0x08002ecd   Thumb Code    46  uart.o(.text._ZN4Uart5BeginEjtt)
    Uart::Write(const char*)                 0x08002efd   Thumb Code     8  main.o(.text._ZN4Uart5WriteEPKc)
    Uart::Write(const unsigned char*, unsigned) 0x08002f05   Thumb Code    40  uart.o(.text._ZN4Uart5WriteEPKhj)
    Uart::Available()                        0x08002f2d   Thumb Code    20  uart.o(.text._ZN4Uart9AvailableEv)
    Uart::Uart(USART_TypeDef*, unsigned)     0x08002f41   Thumb Code   116  uart.o(.text._ZN4UartC2EP13USART_TypeDefj)
    Uart::Uart__sub_object(USART_TypeDef*, unsigned) 0x08002f41   Thumb Code   116  uart.o(.text._ZN4UartC2EP13USART_TypeDefj)
    Uart::~Uart__deallocating()              0x08002fb5   Thumb Code    12  uart.o(.text._ZN4UartD0Ev)
    Uart::~Uart__sub_object()                0x08002fc1   Thumb Code    18  main.o(.text._ZN4UartD2Ev)
    Ds1307::Init()                           0x08002fd5   Thumb Code     2  main.o(.text._ZN6Ds13074InitEv)
    Ds1307::Start()                          0x08002fd9   Thumb Code    84  ds1307.o(.text._ZN6Ds13075StartEv)
    Ds1307::Get_Time(Ds1307_Time*)           0x0800302d   Thumb Code   422  ds1307.o(.text._ZN6Ds13078Get_TimeEP11Ds1307_Time)
    Ds1307::Set_Time(const Ds1307_Time&)     0x080031d5   Thumb Code   142  ds1307.o(.text._ZN6Ds13078Set_TimeERK11Ds1307_Time)
    Ds1307::Ds1307__sub_object(I2c*)         0x08003265   Thumb Code     4  main.o(.text._ZN6Ds1307C2EP3I2c)
    GpioPin::Button_Init(bool, unsigned short, unsigned char) 0x08003269   Thumb Code    28  gpio.o(.text._ZN7GpioPin11Button_InitEbth)
    GpioPin::Button_Check(unsigned short)    0x08003285   Thumb Code    94  gpio.o(.text._ZN7GpioPin12Button_CheckEt)
    GpioPin::Button_Reset()                  0x080032e5   Thumb Code     8  gpio.o(.text._ZN7GpioPin12Button_ResetEv)
    GpioPin::Enable_Clock()                  0x080032ed   Thumb Code    22  gpio.o(.text._ZN7GpioPin12Enable_ClockEv)
    GpioPin::Rcc_From_Port(GPIO_TypeDef*)    0x08003305   Thumb Code    56  gpio.o(.text._ZN7GpioPin13Rcc_From_PortEP12GPIO_TypeDef)
    GpioPin::As_Input_Floating()             0x0800333d   Thumb Code    14  gpio.o(.text._ZN7GpioPin17As_Input_FloatingEv)
    GpioPin::As_Output_Push_Pull(GPIO_Speed) 0x0800334d   Thumb Code    14  gpio.o(.text._ZN7GpioPin19As_Output_Push_PullE10GPIO_Speed)
    GpioPin::Set_Low()                       0x0800335d   Thumb Code    14  main.o(.text._ZN7GpioPin7Set_LowEv)
    GpioPin::Set_High()                      0x0800336d   Thumb Code    14  main.o(.text._ZN7GpioPin8Set_HighEv)
    GpioPin::Configure(GPIO_Mode, GPIO_Speed) 0x0800337d   Thumb Code    56  gpio.o(.text._ZN7GpioPin9ConfigureE9GPIO_Mode10GPIO_Speed)
    GpioPin::GpioPin(GPIO_TypeDef*, unsigned short) 0x080033b5   Thumb Code    40  gpio.o(.text._ZN7GpioPinC2EP12GPIO_TypeDeft)
    GpioPin::GpioPin__sub_object(GPIO_TypeDef*, unsigned short) 0x080033b5   Thumb Code    40  gpio.o(.text._ZN7GpioPinC2EP12GPIO_TypeDeft)
    Lcd_I2c::Set_Cursor(unsigned char, unsigned char) 0x080033dd   Thumb Code    36  lcd_i2c.o(.text._ZN7Lcd_I2c10Set_CursorEhh)
    Lcd_I2c::Write_Nibble(unsigned char)     0x08003401   Thumb Code   118  lcd_i2c.o(.text._ZN7Lcd_I2c12Write_NibbleEh)
    Lcd_I2c::Data(unsigned char)             0x08003479   Thumb Code    10  lcd_i2c.o(.text._ZN7Lcd_I2c4DataEh)
    Lcd_I2c::Init()                          0x08003485   Thumb Code   106  lcd_i2c.o(.text._ZN7Lcd_I2c4InitEv)
    Lcd_I2c::Clear()                         0x080034f1   Thumb Code    16  lcd_i2c.o(.text._ZN7Lcd_I2c5ClearEv)
    Lcd_I2c::Print(const char*)              0x08003501   Thumb Code    34  lcd_i2c.o(.text._ZN7Lcd_I2c5PrintEPKc)
    Lcd_I2c::Command(unsigned char)          0x08003525   Thumb Code    10  lcd_i2c.o(.text._ZN7Lcd_I2c7CommandEh)
    Lcd_I2c::Delay_Ms(unsigned)              0x08003531   Thumb Code    62  lcd_i2c.o(.text._ZN7Lcd_I2c8Delay_MsEj)
    Lcd_I2c::Backlight(unsigned char)        0x08003571   Thumb Code    50  lcd_i2c.o(.text._ZN7Lcd_I2c9BacklightEh)
    Lcd_I2c::Send_Byte(unsigned char, unsigned char) 0x080035a5   Thumb Code    38  lcd_i2c.o(.text._ZN7Lcd_I2c9Send_ByteEhh)
    Lcd_I2c::Lcd_I2c(I2c*, unsigned char, unsigned char, unsigned char) 0x080035cd   Thumb Code    20  lcd_i2c.o(.text._ZN7Lcd_I2cC2EP3I2chhh)
    Lcd_I2c::Lcd_I2c__sub_object(I2c*, unsigned char, unsigned char, unsigned char) 0x080035cd   Thumb Code    20  lcd_i2c.o(.text._ZN7Lcd_I2cC2EP3I2chhh)
    Uart::Is_APB2() const                    0x080035e1   Thumb Code    18  uart.o(.text._ZNK4Uart7Is_APB2Ev)
    GpioPin::Read_Input() const              0x080035f5   Thumb Code    22  gpio.o(.text._ZNK7GpioPin10Read_InputEv)
    thunk{-4} to Uart::Read()                0x0800360d   Thumb Code     6  uart.o(.text._ZThn4_N4Uart4ReadEv)
    thunk{-4} to Uart::Available()           0x08003615   Thumb Code     6  uart.o(.text._ZThn4_N4Uart9AvailableEv)
    thunk{-4} to Uart::~Uart__deallocating() 0x0800361d   Thumb Code     6  uart.o(.text._ZThn4_N4UartD0Ev)
    thunk{-4} to Uart::~Uart()               0x08003625   Thumb Code     6  uart.o(.text._ZThn4_N4UartD1Ev)
    operator delete (void*)                  0x0800362b   Thumb Code     4  new.cpp.o(.text._ZdlPv)
    __cxa_guard_acquire                      0x08003631   Thumb Code    92  cxa_guard.cpp.o(.text.__cxa_guard_acquire)
    __cxa_guard_release                      0x0800368d   Thumb Code     8  cxa_guard.cpp.o(.text.__cxa_guard_release)
    __cxa_pure_virtual                       0x08003695   Thumb Code    40  cxa_virtual.cpp.o(.text.__cxa_pure_virtual)
    _mutex_acquire                           0x08003765   Thumb Code    32  clib_os.o(.text._mutex_acquire)
    _mutex_free                              0x08003785   Thumb Code    50  clib_os.o(.text._mutex_free)
    _mutex_initialize                        0x080037b9   Thumb Code    88  clib_os.o(.text._mutex_initialize)
    _mutex_release                           0x08003811   Thumb Code    34  clib_os.o(.text._mutex_release)
    _platform_post_stackheap_init            0x08003835   Thumb Code     2  clib_os.o(.text._platform_post_stackheap_init)
    abort_message                            0x08003837   Thumb Code     4  abort_message.cpp.o(.text.abort_message)
    main                                     0x08003849   Thumb Code   712  main.o(.text.main)
    pvPortMalloc                             0x08004629   Thumb Code   334  heap_4.o(.text.pvPortMalloc)
    pvTaskIncrementMutexHeldCount            0x08004779   Thumb Code    24  tasks.o(.text.pvTaskIncrementMutexHeldCount)
    pxPortInitialiseStack                    0x08004791   Thumb Code    32  port.o(.text.pxPortInitialiseStack)
    uxListRemove                             0x080047b1   Thumb Code    38  list.o(.text.uxListRemove)
    uxTaskGetNumberOfTasks                   0x080047d9   Thumb Code    12  tasks.o(.text.uxTaskGetNumberOfTasks)
    uxTaskResetEventItemValue                0x080047e5   Thumb Code    26  tasks.o(.text.uxTaskResetEventItemValue)
    vApplicationGetIdleTaskMemory            0x08004801   Thumb Code    26  tasks.o(.text.vApplicationGetIdleTaskMemory)
    vApplicationGetTimerTaskMemory           0x0800481d   Thumb Code    26  tasks.o(.text.vApplicationGetTimerTaskMemory)
    vApplicationStackOverflowHook            0x08004839   Thumb Code     4  cmsis_os2.o(.text.vApplicationStackOverflowHook)
    vListInitialise                          0x0800483d   Thumb Code    22  list.o(.text.vListInitialise)
    vListInitialiseItem                      0x08004855   Thumb Code     6  list.o(.text.vListInitialiseItem)
    vListInsert                              0x0800485d   Thumb Code    58  list.o(.text.vListInsert)
    vListInsertEnd                           0x08004899   Thumb Code    28  list.o(.text.vListInsertEnd)
    vPortEnterCritical                       0x080048b5   Thumb Code    54  port.o(.text.vPortEnterCritical)
    vPortExitCritical                        0x080048ed   Thumb Code    32  port.o(.text.vPortExitCritical)
    vPortFree                                0x0800490d   Thumb Code   126  heap_4.o(.text.vPortFree)
    vPortSetupTimerInterrupt                 0x0800498d   Thumb Code    52  port.o(.text.vPortSetupTimerInterrupt)
    vPortValidateInterruptPriority           0x080049c1   Thumb Code    68  port.o(.text.vPortValidateInterruptPriority)
    vQueueDelete                             0x08004a05   Thumb Code    20  queue.o(.text.vQueueDelete)
    vQueueWaitForMessageRestricted           0x08004a19   Thumb Code    68  queue.o(.text.vQueueWaitForMessageRestricted)
    vTaskDelay                               0x08004a5d   Thumb Code    68  tasks.o(.text.vTaskDelay)
    vTaskInternalSetTimeOutState             0x08004aa1   Thumb Code    26  tasks.o(.text.vTaskInternalSetTimeOutState)
    vTaskMissedYield                         0x08004abd   Thumb Code    14  tasks.o(.text.vTaskMissedYield)
    vTaskPlaceOnEventList                    0x08004acd   Thumb Code    34  tasks.o(.text.vTaskPlaceOnEventList)
    vTaskPlaceOnEventListRestricted          0x08004af1   Thumb Code    82  tasks.o(.text.vTaskPlaceOnEventListRestricted)
    vTaskPlaceOnUnorderedEventList           0x08004b45   Thumb Code    86  tasks.o(.text.vTaskPlaceOnUnorderedEventList)
    vTaskPriorityDisinheritAfterTimeout      0x08004b9d   Thumb Code   152  tasks.o(.text.vTaskPriorityDisinheritAfterTimeout)
    vTaskRemoveFromUnorderedEventList        0x08004c35   Thumb Code   204  tasks.o(.text.vTaskRemoveFromUnorderedEventList)
    vTaskResume                              0x08004d01   Thumb Code   154  tasks.o(.text.vTaskResume)
    vTaskStartScheduler                      0x08004d9d   Thumb Code    96  tasks.o(.text.vTaskStartScheduler)
    vTaskSuspend                             0x08004dfd   Thumb Code   192  tasks.o(.text.vTaskSuspend)
    vTaskSuspendAll                          0x08004ebd   Thumb Code    16  tasks.o(.text.vTaskSuspendAll)
    vTaskSwitchContext                       0x08004ecd   Thumb Code   206  tasks.o(.text.vTaskSwitchContext)
    xEventGroupCreate                        0x08004f9d   Thumb Code    28  event_groups.o(.text.xEventGroupCreate)
    xEventGroupSetBits                       0x08004fb9   Thumb Code   144  event_groups.o(.text.xEventGroupSetBits)
    xEventGroupWaitBits                      0x08005049   Thumb Code   212  event_groups.o(.text.xEventGroupWaitBits)
    xPortStartScheduler                      0x0800511d   Thumb Code   236  port.o(.text.xPortStartScheduler)
    xPortSysTickHandler                      0x08005209   Thumb Code    46  port.o(.text.xPortSysTickHandler)
    xQueueCreateMutex                        0x08005239   Thumb Code    22  queue.o(.text.xQueueCreateMutex)
    xQueueCreateMutexStatic                  0x08005251   Thumb Code    34  queue.o(.text.xQueueCreateMutexStatic)
    xQueueGenericCreate                      0x08005275   Thumb Code    78  queue.o(.text.xQueueGenericCreate)
    xQueueGenericCreateStatic                0x080052c5   Thumb Code    74  queue.o(.text.xQueueGenericCreateStatic)
    xQueueGenericReset                       0x08005311   Thumb Code   154  queue.o(.text.xQueueGenericReset)
    xQueueGenericSend                        0x080053ad   Thumb Code   358  queue.o(.text.xQueueGenericSend)
    xQueueGenericSendFromISR                 0x08005515   Thumb Code   210  queue.o(.text.xQueueGenericSendFromISR)
    xQueueReceive                            0x080055e9   Thumb Code   328  queue.o(.text.xQueueReceive)
    xQueueSemaphoreTake                      0x08005731   Thumb Code   378  queue.o(.text.xQueueSemaphoreTake)
    xTaskCheckForTimeOut                     0x080058ad   Thumb Code   138  tasks.o(.text.xTaskCheckForTimeOut)
    xTaskCreate                              0x08005939   Thumb Code    36  tasks.o(.text.xTaskCreate)
    xTaskCreateStatic                        0x0800595d   Thumb Code    42  tasks.o(.text.xTaskCreateStatic)
    xTaskDelayUntil                          0x08005989   Thumb Code   126  tasks.o(.text.xTaskDelayUntil)
    xTaskGetSchedulerState                   0x08005a09   Thumb Code    38  tasks.o(.text.xTaskGetSchedulerState)
    xTaskGetTickCount                        0x08005a31   Thumb Code    12  tasks.o(.text.xTaskGetTickCount)
    xTaskIncrementTick                       0x08005a3d   Thumb Code   412  tasks.o(.text.xTaskIncrementTick)
    xTaskPriorityDisinherit                  0x08005bd9   Thumb Code   136  tasks.o(.text.xTaskPriorityDisinherit)
    xTaskPriorityInherit                     0x08005c61   Thumb Code   166  tasks.o(.text.xTaskPriorityInherit)
    xTaskRemoveFromEventList                 0x08005d09   Thumb Code   228  tasks.o(.text.xTaskRemoveFromEventList)
    xTaskResumeAll                           0x08005ded   Thumb Code   356  tasks.o(.text.xTaskResumeAll)
    xTimerCreateTimerTask                    0x08005f51   Thumb Code   112  timers.o(.text.xTimerCreateTimerTask)
    _is_digit                                0x08005fc1   Thumb Code    14  __printf_wp.o(i._is_digit)
    AHBPrescTable                            0x08005fe3   Data          16  system_stm32f10x.o(.rodata.AHBPrescTable)
    vtable for IByteReader                   0x08006004   Data          24  uart.o(.rodata._ZTV11IByteReader)
    vtable for IByteWriter                   0x0800601c   Data          20  uart.o(.rodata._ZTV11IByteWriter)
    vtable for Uart                          0x08006030   Data          72  uart.o(.rodata._ZTV4Uart)
    vtable for GpioPin                       0x08006078   Data          16  gpio.o(.rodata._ZTV7GpioPin)
    Region$$Table$$Base                      0x080060a4   Number         0  anon$$obj.o(Region$$Table)
    Region$$Table$$Limit                     0x080060c4   Number         0  anon$$obj.o(Region$$Table)
    SHT$$INIT_ARRAY$$Base                    0x080060c4   Number         0  main.o(.init_array)
    SHT$$INIT_ARRAY$$Limit                   0x080060c8   Number         0  init_aeabi.o(.init_array)
    SystemCoreClock                          0x20000000   Data           4  system_stm32f10x.o(.data.SystemCoreClock)
    __libspace_start                         0x20000008   Data          96  libspace.o(.bss)
    __temporary_stack_top$libspace           0x20000068   Data           0  libspace.o(.bss)
    RotaryEncoder::s_instance_               0x20000144   Data           4  rotary.o(.bss._ZN13RotaryEncoder11s_instance_E)
    RotaryEncoder::s_queue_                  0x20000148   Data           4  rotary.o(.bss._ZN13RotaryEncoder8s_queue_E)
    g_uart_line_q                            0x20000380   Data           4  uart.o(.bss.g_uart_line_q)
    pxCurrentTCB                             0x20000428   Data           4  tasks.o(.bss.pxCurrentTCB)



==============================================================================

Memory Map of the image

  Image Entry point : 0x080000ed

  Load Region LR_IROM1 (Base: 0x08000000, Size: 0x000060d0, Max: 0x00010000, ABSOLUTE)

    Execution Region ER_IROM1 (Exec base: 0x08000000, Load base: 0x08000000, Size: 0x000060c8, Max: 0x00010000, ABSOLUTE)

    Exec Addr    Load Addr    Size         Type   Attr      Idx    E Section Name        Object

    0x08000000   0x08000000   0x000000ec   Data   RO         1113    RESET               startup_stm32f10x_md.o
    0x080000ec   0x080000ec   0x00000008   Code   RO         1677  * !!!main             c_w.l(__main.o)
    0x080000f4   0x080000f4   0x00000034   Code   RO         2082    !!!scatter          c_w.l(__scatter.o)
    0x08000128   0x08000128   0x0000001a   Code   RO         2084    !!handler_copy      c_w.l(__scatter_copy.o)
    0x08000142   0x08000142   0x00000002   PAD
    0x08000144   0x08000144   0x0000001c   Code   RO         2086    !!handler_zi        c_w.l(__scatter_zi.o)
    0x08000160   0x08000160   0x00000000   Code   RO         1654    .ARM.Collect$$_printf_percent$$00000000  c_w.l(_printf_percent.o)
    0x08000160   0x08000160   0x00000006   Code   RO         1653    .ARM.Collect$$_printf_percent$$0000000A  c_w.l(_printf_u.o)
    0x08000166   0x08000166   0x00000006   Code   RO         1652    .ARM.Collect$$_printf_percent$$00000014  c_w.l(_printf_s.o)
    0x0800016c   0x0800016c   0x00000004   Code   RO         1821    .ARM.Collect$$_printf_percent$$00000017  c_w.l(_printf_percent_end.o)
    0x08000170   0x08000170   0x00000002   Code   RO         2020    .ARM.Collect$$libinit$$00000000  c_w.l(libinit.o)
    0x08000172   0x08000172   0x00000000   Code   RO         1833    .ARM.Collect$$libinit$$00000002  c_w.l(libinit2.o)
    0x08000172   0x08000172   0x00000000   Code   RO         1835    .ARM.Collect$$libinit$$00000004  c_w.l(libinit2.o)
    0x08000172   0x08000172   0x00000008   Code   RO         1836    .ARM.Collect$$libinit$$00000005  c_w.l(libinit2.o)
    0x0800017a   0x0800017a   0x00000000   Code   RO         1838    .ARM.Collect$$libinit$$0000000A  c_w.l(libinit2.o)
    0x0800017a   0x0800017a   0x00000000   Code   RO         1840    .ARM.Collect$$libinit$$0000000C  c_w.l(libinit2.o)
    0x0800017a   0x0800017a   0x00000000   Code   RO         1842    .ARM.Collect$$libinit$$0000000E  c_w.l(libinit2.o)
    0x0800017a   0x0800017a   0x00000000   Code   RO         1845    .ARM.Collect$$libinit$$00000011  c_w.l(libinit2.o)
    0x0800017a   0x0800017a   0x00000000   Code   RO         1847    .ARM.Collect$$libinit$$00000013  c_w.l(libinit2.o)
    0x0800017a   0x0800017a   0x00000000   Code   RO         1849    .ARM.Collect$$libinit$$00000015  c_w.l(libinit2.o)
    0x0800017a   0x0800017a   0x00000000   Code   RO         1851    .ARM.Collect$$libinit$$00000017  c_w.l(libinit2.o)
    0x0800017a   0x0800017a   0x00000000   Code   RO         1853    .ARM.Collect$$libinit$$00000019  c_w.l(libinit2.o)
    0x0800017a   0x0800017a   0x00000000   Code   RO         1855    .ARM.Collect$$libinit$$0000001B  c_w.l(libinit2.o)
    0x0800017a   0x0800017a   0x00000000   Code   RO         1857    .ARM.Collect$$libinit$$0000001D  c_w.l(libinit2.o)
    0x0800017a   0x0800017a   0x00000000   Code   RO         1859    .ARM.Collect$$libinit$$0000001F  c_w.l(libinit2.o)
    0x0800017a   0x0800017a   0x00000000   Code   RO         1861    .ARM.Collect$$libinit$$00000021  c_w.l(libinit2.o)
    0x0800017a   0x0800017a   0x00000000   Code   RO         1863    .ARM.Collect$$libinit$$00000023  c_w.l(libinit2.o)
    0x0800017a   0x0800017a   0x00000000   Code   RO         1865    .ARM.Collect$$libinit$$00000025  c_w.l(libinit2.o)
    0x0800017a   0x0800017a   0x00000000   Code   RO         1869    .ARM.Collect$$libinit$$0000002C  c_w.l(libinit2.o)
    0x0800017a   0x0800017a   0x00000000   Code   RO         1871    .ARM.Collect$$libinit$$0000002E  c_w.l(libinit2.o)
    0x0800017a   0x0800017a   0x00000000   Code   RO         1873    .ARM.Collect$$libinit$$00000030  c_w.l(libinit2.o)
    0x0800017a   0x0800017a   0x00000004   Code   RO         1874    .ARM.Collect$$libinit$$00000031  c_w.l(libinit2.o)
    0x0800017e   0x0800017e   0x00000000   Code   RO         1875    .ARM.Collect$$libinit$$00000032  c_w.l(libinit2.o)
    0x0800017e   0x0800017e   0x00000002   Code   RO         1876    .ARM.Collect$$libinit$$00000033  c_w.l(libinit2.o)
    0x08000180   0x08000180   0x00000002   Code   RO         2080    .ARM.Collect$$libshutdown$$00000000  c_w.l(libshutdown.o)
    0x08000182   0x08000182   0x00000006   Code   RO         2021    .ARM.Collect$$libshutdown$$00000001  c_w.l(libshutdown2.o)
    0x08000188   0x08000188   0x00000000   Code   RO         2022    .ARM.Collect$$libshutdown$$00000002  c_w.l(libshutdown2.o)
    0x08000188   0x08000188   0x00000000   Code   RO         2024    .ARM.Collect$$libshutdown$$00000004  c_w.l(libshutdown2.o)
    0x08000188   0x08000188   0x00000000   Code   RO         2027    .ARM.Collect$$libshutdown$$00000007  c_w.l(libshutdown2.o)
    0x08000188   0x08000188   0x00000000   Code   RO         2030    .ARM.Collect$$libshutdown$$0000000A  c_w.l(libshutdown2.o)
    0x08000188   0x08000188   0x00000000   Code   RO         2032    .ARM.Collect$$libshutdown$$0000000C  c_w.l(libshutdown2.o)
    0x08000188   0x08000188   0x00000004   Code   RO         2033    .ARM.Collect$$libshutdown$$0000000D  c_w.l(libshutdown2.o)
    0x0800018c   0x0800018c   0x00000000   Code   RO         2035    .ARM.Collect$$libshutdown$$0000000F  c_w.l(libshutdown2.o)
    0x0800018c   0x0800018c   0x00000002   Code   RO         2036    .ARM.Collect$$libshutdown$$00000010  c_w.l(libshutdown2.o)
    0x0800018e   0x0800018e   0x00000000   Code   RO         1744    .ARM.Collect$$rtentry$$00000000  c_w.l(__rtentry.o)
    0x0800018e   0x0800018e   0x00000000   Code   RO         1909    .ARM.Collect$$rtentry$$00000002  c_w.l(__rtentry2.o)
    0x0800018e   0x0800018e   0x00000006   Code   RO         1921    .ARM.Collect$$rtentry$$00000004  c_w.l(__rtentry4.o)
    0x08000194   0x08000194   0x00000008   Code   RO         1910    .ARM.Collect$$rtentry$$00000008  c_w.l(__rtentry2.o)
    0x0800019c   0x0800019c   0x00000004   Code   RO         1912    .ARM.Collect$$rtentry$$0000000A  c_w.l(__rtentry2.o)
    0x080001a0   0x080001a0   0x00000000   Code   RO         1914    .ARM.Collect$$rtentry$$0000000C  c_w.l(__rtentry2.o)
    0x080001a0   0x080001a0   0x00000008   Code   RO         1915    .ARM.Collect$$rtentry$$0000000D  c_w.l(__rtentry2.o)
    0x080001a8   0x080001a8   0x00000002   Code   RO         2037    .ARM.Collect$$rtexit$$00000000  c_w.l(rtexit.o)
    0x080001aa   0x080001aa   0x00000000   Code   RO         2052    .ARM.Collect$$rtexit$$00000002  c_w.l(rtexit2.o)
    0x080001aa   0x080001aa   0x00000004   Code   RO         2053    .ARM.Collect$$rtexit$$00000003  c_w.l(rtexit2.o)
    0x080001ae   0x080001ae   0x00000006   Code   RO         2054    .ARM.Collect$$rtexit$$00000004  c_w.l(rtexit2.o)
    0x080001b4   0x080001b4   0x00000040   Code   RO         1114    .text               startup_stm32f10x_md.o
    0x080001f4   0x080001f4   0x00000034   Code   RO         1622    .text               c_w.l(noretval__2snprintf.o)
    0x08000228   0x08000228   0x0000004e   Code   RO         1626    .text               c_w.l(_printf_pad.o)
    0x08000276   0x08000276   0x00000052   Code   RO         1628    .text               c_w.l(_printf_str.o)
    0x080002c8   0x080002c8   0x00000078   Code   RO         1630    .text               c_w.l(_printf_dec.o)
    0x08000340   0x08000340   0x00000138   Code   RO         1644    .text               c_w.l(__printf_flags_wp.o)
    0x08000478   0x08000478   0x0000000a   Code   RO         1658    .text               c_w.l(cxa_atexit.o)
    0x08000482   0x08000482   0x0000003e   Code   RO         1661    .text               c_w.l(strlen.o)
    0x080004c0   0x080004c0   0x0000008a   Code   RO         1663    .text               c_w.l(rt_memcpy_v6.o)
    0x0800054a   0x0800054a   0x00000064   Code   RO         1665    .text               c_w.l(rt_memcpy_w.o)
    0x080005ae   0x080005ae   0x00000010   Code   RO         1667    .text               c_w.l(aeabi_memset4.o)
    0x080005be   0x080005be   0x00000044   Code   RO         1669    .text               c_w.l(rt_memclr.o)
    0x08000602   0x08000602   0x00000056   Code   RO         1671    .text               c_w.l(strncpy.o)
    0x08000658   0x08000658   0x00000080   Code   RO         1673    .text               c_w.l(strcmpv7m.o)
    0x080006d8   0x080006d8   0x00000006   Code   RO         1675    .text               c_w.l(heapauxi.o)
    0x080006de   0x080006de   0x00000002   PAD
    0x080006e0   0x080006e0   0x00000024   Code   RO         1682    .text               c_w.l(init_aeabi.o)
    0x08000704   0x08000704   0x000000a6   Code   RO         1755    .text               c_w.l(h1_alloc_threads.o)
    0x080007aa   0x080007aa   0x00000076   Code   RO         1757    .text               c_w.l(h1_free_threads.o)
    0x08000820   0x08000820   0x000000b2   Code   RO         1811    .text               c_w.l(_printf_intcommon.o)
    0x080008d2   0x080008d2   0x00000002   PAD
    0x080008d4   0x080008d4   0x00000030   Code   RO         1813    .text               c_w.l(_printf_char_common.o)
    0x08000904   0x08000904   0x0000000a   Code   RO         1815    .text               c_w.l(_sputc.o)
    0x0800090e   0x0800090e   0x00000010   Code   RO         1817    .text               c_w.l(_snputc.o)
    0x0800091e   0x0800091e   0x0000002c   Code   RO         1819    .text               c_w.l(_printf_char.o)
    0x0800094a   0x0800094a   0x00000016   Code   RO         1822    .text               c_w.l(abort.o)
    0x08000960   0x08000960   0x0000002e   Code   RO         1827    .text               c_w.l(aeabi_atexit.o)
    0x0800098e   0x0800098e   0x0000004e   Code   RO         1830    .text               c_w.l(rt_memclr_w.o)
    0x080009dc   0x080009dc   0x0000000c   Code   RO         1904    .text               c_w.l(sys_exit.o)
    0x080009e8   0x080009e8   0x0000000a   Code   RO         1928    .text               c_w.l(rt_heap_descriptor_twolibspace.o)
    0x080009f2   0x080009f2   0x0000000a   Code   RO         1935    .text               c_w.l(rt_ddtor_pointer_addr_twolibspace.o)
    0x080009fc   0x080009fc   0x00000004   Code   RO         1937    .text               c_w.l(hguard.o)
    0x08000a00   0x08000a00   0x0000008a   Code   RO         1939    .text               c_w.l(init_alloc.o)
    0x08000a8a   0x08000a8a   0x00000012   Code   RO         1945    .text               c_w.l(h1_init_threads.o)
    0x08000a9c   0x08000a9c   0x00000042   Code   RO         1957    .text               c_w.l(cxa_finalize.o)
    0x08000ade   0x08000ade   0x0000000e   Code   RO         1960    .text               c_w.l(defsig_abrt_outer.o)
    0x08000aec   0x08000aec   0x00000008   Code   RO         1982    .text               c_w.l(libspace.o)
    0x08000af4   0x08000af4   0x00000002   Code   RO         1985    .text               c_w.l(use_no_semi.o)
    0x08000af6   0x08000af6   0x00000000   Code   RO         1987    .text               c_w.l(indicate_semi.o)
    0x08000af6   0x08000af6   0x0000004a   Code   RO         1988    .text               c_w.l(sys_stackheap_outer.o)
    0x08000b40   0x08000b40   0x00000000   Code   RO         1995    .text               c_w.l(maybetermalloc2.o)
    0x08000b40   0x08000b40   0x00000052   Code   RO         1998    .text               c_w.l(h1_extend_threads.o)
    0x08000b92   0x08000b92   0x00000012   Code   RO         2000    .text               c_w.l(exit.o)
    0x08000ba4   0x08000ba4   0x0000000a   Code   RO         2002    .text               c_w.l(defsig_exit.o)
    0x08000bae   0x08000bae   0x00000002   PAD
    0x08000bb0   0x08000bb0   0x00000030   Code   RO         2004    .text               c_w.l(defsig_abrt_inner.o)
    0x08000be0   0x08000be0   0x0000000e   Code   RO         2006    .text               c_w.l(defsig_rtmem_outer.o)
    0x08000bee   0x08000bee   0x00000010   Code   RO         2039    .text               c_w.l(term_alloc.o)
    0x08000bfe   0x08000bfe   0x00000032   Code   RO         2043    .text               c_w.l(defsig_general.o)
    0x08000c30   0x08000c30   0x00000050   Code   RO         2045    .text               c_w.l(defsig_rtmem_inner.o)
    0x08000c80   0x08000c80   0x0000000e   Code   RO         2047    .text               c_w.l(sys_wrch.o)
    0x08000c8e   0x08000c8e   0x0000000a   Code   RO         2060    .text               c_w.l(h1_final_threads.o)
    0x08000c98   0x08000c98   0x0000001a   Code   RO          258    .text.EXTI1_IRQHandler  rotary.o
    0x08000cb2   0x08000cb2   0x00000002   PAD
    0x08000cb4   0x08000cb4   0x0000001a   Code   RO          260    .text.EXTI2_IRQHandler  rotary.o
    0x08000cce   0x08000cce   0x00000002   PAD
    0x08000cd0   0x08000cd0   0x0000000c   Code   RO          628    .text.EXTI_ClearITPendingBit  stm32f10x_exti.o
    0x08000cdc   0x08000cdc   0x0000001e   Code   RO          626    .text.EXTI_GetITStatus  stm32f10x_exti.o
    0x08000cfa   0x08000cfa   0x00000002   PAD
    0x08000cfc   0x08000cfc   0x00000068   Code   RO          616    .text.EXTI_Init     stm32f10x_exti.o
    0x08000d64   0x08000d64   0x0000000e   Code   RO          618    .text.EXTI_StructInit  stm32f10x_exti.o
    0x08000d72   0x08000d72   0x00000002   PAD
    0x08000d74   0x08000d74   0x0000002e   Code   RO          670    .text.GPIO_EXTILineConfig  stm32f10x_gpio.o
    0x08000da2   0x08000da2   0x00000002   PAD
    0x08000da4   0x08000da4   0x000000b0   Code   RO          642    .text.GPIO_Init     stm32f10x_gpio.o
    0x08000e54   0x08000e54   0x0000000a   Code   RO          646    .text.GPIO_ReadInputDataBit  stm32f10x_gpio.o
    0x08000e5e   0x08000e5e   0x00000002   PAD
    0x08000e60   0x08000e60   0x00000004   Code   RO          656    .text.GPIO_ResetBits  stm32f10x_gpio.o
    0x08000e64   0x08000e64   0x00000004   Code   RO          654    .text.GPIO_SetBits  stm32f10x_gpio.o
    0x08000e68   0x08000e68   0x00000012   Code   RO          698    .text.I2C_AcknowledgeConfig  stm32f10x_i2c.o
    0x08000e7a   0x08000e7a   0x00000002   PAD
    0x08000e7c   0x08000e7c   0x00000016   Code   RO          736    .text.I2C_CheckEvent  stm32f10x_i2c.o
    0x08000e92   0x08000e92   0x00000002   PAD
    0x08000e94   0x08000e94   0x00000012   Code   RO          688    .text.I2C_Cmd       stm32f10x_i2c.o
    0x08000ea6   0x08000ea6   0x00000002   PAD
    0x08000ea8   0x08000ea8   0x00000028   Code   RO          682    .text.I2C_DeInit    stm32f10x_i2c.o
    0x08000ed0   0x08000ed0   0x00000012   Code   RO          694    .text.I2C_GenerateSTART  stm32f10x_i2c.o
    0x08000ee2   0x08000ee2   0x00000002   PAD
    0x08000ee4   0x08000ee4   0x00000012   Code   RO          696    .text.I2C_GenerateSTOP  stm32f10x_i2c.o
    0x08000ef6   0x08000ef6   0x00000002   PAD
    0x08000ef8   0x08000ef8   0x00000030   Code   RO          740    .text.I2C_GetFlagStatus  stm32f10x_i2c.o
    0x08000f28   0x08000f28   0x000000cc   Code   RO          684    .text.I2C_Init      stm32f10x_i2c.o
    0x08000ff4   0x08000ff4   0x00000006   Code   RO          710    .text.I2C_ReceiveData  stm32f10x_i2c.o
    0x08000ffa   0x08000ffa   0x00000002   PAD
    0x08000ffc   0x08000ffc   0x00000010   Code   RO          712    .text.I2C_Send7bitAddress  stm32f10x_i2c.o
    0x0800100c   0x0800100c   0x00000004   Code   RO          708    .text.I2C_SendData  stm32f10x_i2c.o
    0x08001010   0x08001010   0x0000005e   Code   RO          566    .text.NVIC_Init     misc.o
    0x0800106e   0x0800106e   0x00000002   PAD
    0x08001070   0x08001070   0x00000014   Code   RO          564    .text.NVIC_PriorityGroupConfig  misc.o
    0x08001084   0x08001084   0x00000012   Code   RO          772    .text.PWR_ClearFlag  stm32f10x_pwr.o
    0x08001096   0x08001096   0x00000002   PAD
    0x08001098   0x08001098   0x00000024   Code   RO          768    .text.PWR_EnterSTANDBYMode  stm32f10x_pwr.o
    0x080010bc   0x080010bc   0x00000012   Code   RO          770    .text.PWR_GetFlagStatus  stm32f10x_pwr.o
    0x080010ce   0x080010ce   0x00000002   PAD
    0x080010d0   0x080010d0   0x0000000a   Code   RO          764    .text.PWR_WakeUpPinCmd  stm32f10x_pwr.o
    0x080010da   0x080010da   0x00000002   PAD
    0x080010dc   0x080010dc   0x00000044   Code   RO         1205    .text.PendSV_Handler  port.o
    0x08001120   0x08001120   0x00000018   Code   RO          828    .text.RCC_APB1PeriphClockCmd  stm32f10x_rcc.o
    0x08001138   0x08001138   0x00000018   Code   RO          832    .text.RCC_APB1PeriphResetCmd  stm32f10x_rcc.o
    0x08001150   0x08001150   0x00000018   Code   RO          826    .text.RCC_APB2PeriphClockCmd  stm32f10x_rcc.o
    0x08001168   0x08001168   0x000000a0   Code   RO          822    .text.RCC_GetClocksFreq  stm32f10x_rcc.o
    0x08001208   0x08001208   0x00000024   Code   RO         1201    .text.SVC_Handler   port.o
    0x0800122c   0x0800122c   0x00000008   Code   RO         1122    .text.SetSysClock   system_stm32f10x.o
    0x08001234   0x08001234   0x000000be   Code   RO         1126    .text.SetSysClockTo72  system_stm32f10x.o
    0x080012f2   0x080012f2   0x00000002   PAD
    0x080012f4   0x080012f4   0x0000001a   Code   RO          371    .text.SysTick_Handler  cmsis_os2.o
    0x0800130e   0x0800130e   0x00000002   PAD
    0x08001310   0x08001310   0x0000006e   Code   RO         1124    .text.SystemCoreClockUpdate  system_stm32f10x.o
    0x0800137e   0x0800137e   0x00000002   PAD
    0x08001380   0x08001380   0x00000056   Code   RO         1120    .text.SystemInit    system_stm32f10x.o
    0x080013d6   0x080013d6   0x00000002   PAD
    0x080013d8   0x080013d8   0x000000ba   Code   RO          312    .text.USART1_IRQHandler  uart.o
    0x08001492   0x08001492   0x00000002   PAD
    0x08001494   0x08001494   0x00000012   Code   RO         1056    .text.USART_Cmd     stm32f10x_usart.o
    0x080014a6   0x080014a6   0x00000002   PAD
    0x080014a8   0x080014a8   0x0000000a   Code   RO         1096    .text.USART_GetFlagStatus  stm32f10x_usart.o
    0x080014b2   0x080014b2   0x00000002   PAD
    0x080014b4   0x080014b4   0x0000003a   Code   RO         1100    .text.USART_GetITStatus  stm32f10x_usart.o
    0x080014ee   0x080014ee   0x00000002   PAD
    0x080014f0   0x080014f0   0x0000002e   Code   RO         1058    .text.USART_ITConfig  stm32f10x_usart.o
    0x0800151e   0x0800151e   0x00000002   PAD
    0x08001520   0x08001520   0x000000b2   Code   RO         1048    .text.USART_Init    stm32f10x_usart.o
    0x080015d2   0x080015d2   0x00000002   PAD
    0x080015d4   0x080015d4   0x00000008   Code   RO         1074    .text.USART_ReceiveData  stm32f10x_usart.o
    0x080015dc   0x080015dc   0x00000008   Code   RO         1072    .text.USART_SendData  stm32f10x_usart.o
    0x080015e4   0x080015e4   0x00000012   Code   RO         1050    .text.USART_StructInit  stm32f10x_usart.o
    0x080015f6   0x080015f6   0x00000002   PAD
    0x080015f8   0x080015f8   0x0000001c   Code   RO          186    .text._GLOBAL__sub_I_main.cpp  main.o
    0x08001614   0x08001614   0x00000030   Code   RO            2    .text._Z20Ds1307_Days_In_Monthhh  ds1307.o
    0x08001644   0x08001644   0x0000004a   Code   RO            4    .text._Z20Ds1307_Time_Is_ValidPK11Ds1307_Time  ds1307.o
    0x0800168e   0x0800168e   0x00000002   PAD
    0x08001690   0x08001690   0x00000012   Code   RO           14    .text._ZL10Bcd_Decodeh  ds1307.o
    0x080016a2   0x080016a2   0x00000002   PAD
    0x080016a4   0x080016a4   0x0000001e   Code   RO           10    .text._ZL10Bcd_Encodeh  ds1307.o
    0x080016c2   0x080016c2   0x00000002   PAD
    0x080016c4   0x080016c4   0x0000015c   Code   RO          176    .text._ZL10Bump_FieldR11Ds1307_Timeha  main.o
    0x08001820   0x08001820   0x00000214   Code   RO          168    .text._ZL10Task_InputPv  main.o
    0x08001a34   0x08001a34   0x000000e0   Code   RO          170    .text._ZL10Task_PowerPv  main.o
    0x08001b14   0x08001b14   0x00000050   Code   RO          184    .text._ZL10parse_uintPKci  main.o
    0x08001b64   0x08001b64   0x0000003e   Code   RO          162    .text._ZL11BusyDelayMsj  main.o
    0x08001ba2   0x08001ba2   0x00000002   PAD
    0x08001ba4   0x08001ba4   0x00000022   Code   RO          284    .text._ZL12defaultRxPinP13USART_TypeDef  uart.o
    0x08001bc6   0x08001bc6   0x00000002   PAD
    0x08001bc8   0x08001bc8   0x00000022   Code   RO          280    .text._ZL12defaultTxPinP13USART_TypeDef  uart.o
    0x08001bea   0x08001bea   0x00000002   PAD
    0x08001bec   0x08001bec   0x00000018   Code   RO          282    .text._ZL13defaultRxPortP13USART_TypeDef  uart.o
    0x08001c04   0x08001c04   0x00000018   Code   RO          278    .text._ZL13defaultTxPortP13USART_TypeDef  uart.o
    0x08001c1c   0x08001c1c   0x00000148   Code   RO          182    .text._ZL14Parse_Set_LinePKcP11Ds1307_Time  main.o
    0x08001d64   0x08001d64   0x0000004c   Code   RO          160    .text._ZL14PowerPins_Initv  main.o
    0x08001db0   0x08001db0   0x0000001c   Code   RO          262    .text._ZL15TransitionTableh  rotary.o
    0x08001dcc   0x08001dcc   0x00000032   Code   RO          250    .text._ZL19Port_To_AFIO_SourceP12GPIO_TypeDef  rotary.o
    0x08001dfe   0x08001dfe   0x00000002   PAD
    0x08001e00   0x08001e00   0x00000034   Code   RO          174    .text._ZL8DOW_Nameh  main.o
    0x08001e34   0x08001e34   0x000004d8   Code   RO          164    .text._ZL8Task_LCDPv  main.o
    0x0800230c   0x0800230c   0x00000134   Code   RO          166    .text._ZL8Task_RTCPv  main.o
    0x08002440   0x08002440   0x00000010   Code   RO          178    .text._ZL9LCD_Powerb  main.o
    0x08002450   0x08002450   0x00000010   Code   RO          180    .text._ZL9RTC_Powerb  main.o
    0x08002460   0x08002460   0x00000154   Code   RO          172    .text._ZL9Task_UARTPv  main.o
    0x080025b4   0x080025b4   0x0000000e   Code   RO          327    .text._ZN11IByteReaderC2Ev  uart.o
    0x080025c2   0x080025c2   0x00000002   PAD
    0x080025c4   0x080025c4   0x00000002   Code   RO          337    .text._ZN11IByteReaderD0Ev  uart.o
    0x080025c6   0x080025c6   0x00000002   PAD
    0x080025c8   0x080025c8   0x00000002   Code   RO          233    .text._ZN11IByteReaderD2Ev  main.o
    0x080025ca   0x080025ca   0x00000002   PAD
    0x080025cc   0x080025cc   0x00000020   Code   RO          245    .text._ZN11IByteWriter5WriteEPKc  main.o
    0x080025ec   0x080025ec   0x0000000e   Code   RO          325    .text._ZN11IByteWriterC2Ev  uart.o
    0x080025fa   0x080025fa   0x00000002   PAD
    0x080025fc   0x080025fc   0x00000002   Code   RO          335    .text._ZN11IByteWriterD0Ev  uart.o
    0x080025fe   0x080025fe   0x00000002   PAD
    0x08002600   0x08002600   0x00000002   Code   RO          235    .text._ZN11IByteWriterD2Ev  main.o
    0x08002602   0x08002602   0x00000002   PAD
    0x08002604   0x08002604   0x0000010c   Code   RO          273    .text._ZN13RotaryEncoder10Handle_ISREv  rotary.o
    0x08002710   0x08002710   0x00000016   Code   RO          254    .text._ZN13RotaryEncoder12ISR_DispatchEv  rotary.o
    0x08002726   0x08002726   0x00000002   PAD
    0x08002728   0x08002728   0x0000000c   Code   RO          231    .text._ZN13RotaryEncoder15Set_Event_QueueEP15QueueDefinition  main.o
    0x08002734   0x08002734   0x00000108   Code   RO          252    .text._ZN13RotaryEncoder18Gpio_And_Exti_InitEv  rotary.o
    0x0800283c   0x0800283c   0x0000009c   Code   RO          248    .text._ZN13RotaryEncoderC2EP12GPIO_TypeDefttjh  rotary.o
    0x080028d8   0x080028d8   0x0000004e   Code   RO           82    .text._ZN3I2c12Send_AddressEhhj  i2c.o
    0x08002926   0x08002926   0x00000002   PAD
    0x08002928   0x08002928   0x0000003a   Code   RO           74    .text._ZN3I2c15I2c_Periph_InitEj  i2c.o
    0x08002962   0x08002962   0x00000002   PAD
    0x08002964   0x08002964   0x00000036   Code   RO           70    .text._ZN3I2c17Gpio_Init_For_BusENS_7I2C_BUSE  i2c.o
    0x0800299a   0x0800299a   0x00000002   PAD
    0x0800299c   0x0800299c   0x0000002a   Code   RO           72    .text._ZN3I2c19Gpio_Deinit_For_BusENS_7I2C_BUSE  i2c.o
    0x080029c6   0x080029c6   0x00000002   PAD
    0x080029c8   0x080029c8   0x0000004a   Code   RO           76    .text._ZN3I2c4InitENS_7I2C_BUSEj  i2c.o
    0x08002a12   0x08002a12   0x00000002   PAD
    0x08002a14   0x08002a14   0x0000000e   Code   RO           86    .text._ZN3I2c4StopEv  i2c.o
    0x08002a22   0x08002a22   0x00000002   PAD
    0x08002a24   0x08002a24   0x0000002e   Code   RO           80    .text._ZN3I2c5StartEj  i2c.o
    0x08002a52   0x08002a52   0x00000002   PAD
    0x08002a54   0x08002a54   0x00000060   Code   RO           88    .text._ZN3I2c5WriteEhPKhtj  i2c.o
    0x08002ab4   0x08002ab4   0x00000052   Code   RO           78    .text._ZN3I2c6DeinitEv  i2c.o
    0x08002b06   0x08002b06   0x00000002   PAD
    0x08002b08   0x08002b08   0x0000021a   Code   RO           94    .text._ZN3I2c8Read_RegEhhPhtj  i2c.o
    0x08002d22   0x08002d22   0x00000002   PAD
    0x08002d24   0x08002d24   0x0000002a   Code   RO           84    .text._ZN3I2c9Send_ByteEhj  i2c.o
    0x08002d4e   0x08002d4e   0x00000002   PAD
    0x08002d50   0x08002d50   0x00000070   Code   RO           92    .text._ZN3I2c9Write_RegEhhPKhtj  i2c.o
    0x08002dc0   0x08002dc0   0x0000000a   Code   RO          225    .text._ZN3I2cC2Ev   main.o
    0x08002dca   0x08002dca   0x00000002   PAD
    0x08002dcc   0x08002dcc   0x00000042   Code   RO          294    .text._ZN4Uart10Setup_UartEjtt  uart.o
    0x08002e0e   0x08002e0e   0x00000002   PAD
    0x08002e10   0x08002e10   0x0000002a   Code   RO          300    .text._ZN4Uart10Write_CharEc  uart.o
    0x08002e3a   0x08002e3a   0x00000002   PAD
    0x08002e3c   0x08002e3c   0x00000046   Code   RO          286    .text._ZN4Uart13Enable_ClocksEv  uart.o
    0x08002e82   0x08002e82   0x00000002   PAD
    0x08002e84   0x08002e84   0x0000001c   Code   RO          290    .text._ZN4Uart18Setup_Default_PinsEv  uart.o
    0x08002ea0   0x08002ea0   0x0000000c   Code   RO          298    .text._ZN4Uart3EndEv  uart.o
    0x08002eac   0x08002eac   0x0000001e   Code   RO          308    .text._ZN4Uart4ReadEv  uart.o
    0x08002eca   0x08002eca   0x00000002   PAD
    0x08002ecc   0x08002ecc   0x0000002e   Code   RO          296    .text._ZN4Uart5BeginEjtt  uart.o
    0x08002efa   0x08002efa   0x00000002   PAD
    0x08002efc   0x08002efc   0x00000008   Code   RO          241    .text._ZN4Uart5WriteEPKc  main.o
    0x08002f04   0x08002f04   0x00000028   Code   RO          302    .text._ZN4Uart5WriteEPKhj  uart.o
    0x08002f2c   0x08002f2c   0x00000014   Code   RO          304    .text._ZN4Uart9AvailableEv  uart.o
    0x08002f40   0x08002f40   0x00000074   Code   RO          276    .text._ZN4UartC2EP13USART_TypeDefj  uart.o
    0x08002fb4   0x08002fb4   0x0000000c   Code   RO          329    .text._ZN4UartD0Ev  uart.o
    0x08002fc0   0x08002fc0   0x00000012   Code   RO          227    .text._ZN4UartD2Ev  main.o
    0x08002fd2   0x08002fd2   0x00000002   PAD
    0x08002fd4   0x08002fd4   0x00000002   Code   RO          239    .text._ZN6Ds13074InitEv  main.o
    0x08002fd6   0x08002fd6   0x00000002   PAD
    0x08002fd8   0x08002fd8   0x00000054   Code   RO            6    .text._ZN6Ds13075StartEv  ds1307.o
    0x0800302c   0x0800302c   0x000001a6   Code   RO           12    .text._ZN6Ds13078Get_TimeEP11Ds1307_Time  ds1307.o
    0x080031d2   0x080031d2   0x00000002   PAD
    0x080031d4   0x080031d4   0x0000008e   Code   RO            8    .text._ZN6Ds13078Set_TimeERK11Ds1307_Time  ds1307.o
    0x08003262   0x08003262   0x00000002   PAD
    0x08003264   0x08003264   0x00000004   Code   RO          229    .text._ZN6Ds1307C2EP3I2c  main.o
    0x08003268   0x08003268   0x0000001c   Code   RO           44    .text._ZN7GpioPin11Button_InitEbth  gpio.o
    0x08003284   0x08003284   0x0000005e   Code   RO           56    .text._ZN7GpioPin12Button_CheckEt  gpio.o
    0x080032e2   0x080032e2   0x00000002   PAD
    0x080032e4   0x080032e4   0x00000008   Code   RO           46    .text._ZN7GpioPin12Button_ResetEv  gpio.o
    0x080032ec   0x080032ec   0x00000016   Code   RO           28    .text._ZN7GpioPin12Enable_ClockEv  gpio.o
    0x08003302   0x08003302   0x00000002   PAD
    0x08003304   0x08003304   0x00000038   Code   RO           30    .text._ZN7GpioPin13Rcc_From_PortEP12GPIO_TypeDef  gpio.o
    0x0800333c   0x0800333c   0x0000000e   Code   RO           38    .text._ZN7GpioPin17As_Input_FloatingEv  gpio.o
    0x0800334a   0x0800334a   0x00000002   PAD
    0x0800334c   0x0800334c   0x0000000e   Code   RO           40    .text._ZN7GpioPin19As_Output_Push_PullE10GPIO_Speed  gpio.o
    0x0800335a   0x0800335a   0x00000002   PAD
    0x0800335c   0x0800335c   0x0000000e   Code   RO          243    .text._ZN7GpioPin7Set_LowEv  main.o
    0x0800336a   0x0800336a   0x00000002   PAD
    0x0800336c   0x0800336c   0x0000000e   Code   RO          237    .text._ZN7GpioPin8Set_HighEv  main.o
    0x0800337a   0x0800337a   0x00000002   PAD
    0x0800337c   0x0800337c   0x00000038   Code   RO           32    .text._ZN7GpioPin9ConfigureE9GPIO_Mode10GPIO_Speed  gpio.o
    0x080033b4   0x080033b4   0x00000028   Code   RO           24    .text._ZN7GpioPinC2EP12GPIO_TypeDeft  gpio.o
    0x080033dc   0x080033dc   0x00000024   Code   RO          122    .text._ZN7Lcd_I2c10Set_CursorEhh  lcd_i2c.o
    0x08003400   0x08003400   0x00000076   Code   RO          108    .text._ZN7Lcd_I2c12Write_NibbleEh  lcd_i2c.o
    0x08003476   0x08003476   0x00000002   PAD
    0x08003478   0x08003478   0x0000000a   Code   RO          114    .text._ZN7Lcd_I2c4DataEh  lcd_i2c.o
    0x08003482   0x08003482   0x00000002   PAD
    0x08003484   0x08003484   0x0000006a   Code   RO          128    .text._ZN7Lcd_I2c4InitEv  lcd_i2c.o
    0x080034ee   0x080034ee   0x00000002   PAD
    0x080034f0   0x080034f0   0x00000010   Code   RO          118    .text._ZN7Lcd_I2c5ClearEv  lcd_i2c.o
    0x08003500   0x08003500   0x00000022   Code   RO          124    .text._ZN7Lcd_I2c5PrintEPKc  lcd_i2c.o
    0x08003522   0x08003522   0x00000002   PAD
    0x08003524   0x08003524   0x0000000a   Code   RO          112    .text._ZN7Lcd_I2c7CommandEh  lcd_i2c.o
    0x0800352e   0x0800352e   0x00000002   PAD
    0x08003530   0x08003530   0x0000003e   Code   RO          106    .text._ZN7Lcd_I2c8Delay_MsEj  lcd_i2c.o
    0x0800356e   0x0800356e   0x00000002   PAD
    0x08003570   0x08003570   0x00000032   Code   RO          116    .text._ZN7Lcd_I2c9BacklightEh  lcd_i2c.o
    0x080035a2   0x080035a2   0x00000002   PAD
    0x080035a4   0x080035a4   0x00000026   Code   RO          110    .text._ZN7Lcd_I2c9Send_ByteEhh  lcd_i2c.o
    0x080035ca   0x080035ca   0x00000002   PAD
    0x080035cc   0x080035cc   0x00000014   Code   RO          104    .text._ZN7Lcd_I2cC2EP3I2chhh  lcd_i2c.o
    0x080035e0   0x080035e0   0x00000012   Code   RO          288    .text._ZNK4Uart7Is_APB2Ev  uart.o
    0x080035f2   0x080035f2   0x00000002   PAD
    0x080035f4   0x080035f4   0x00000016   Code   RO           67    .text._ZNK7GpioPin10Read_InputEv  gpio.o
    0x0800360a   0x0800360a   0x00000002   PAD
    0x0800360c   0x0800360c   0x00000006   Code   RO          310    .text._ZThn4_N4Uart4ReadEv  uart.o
    0x08003612   0x08003612   0x00000002   PAD
    0x08003614   0x08003614   0x00000006   Code   RO          306    .text._ZThn4_N4Uart9AvailableEv  uart.o
    0x0800361a   0x0800361a   0x00000002   PAD
    0x0800361c   0x0800361c   0x00000006   Code   RO          333    .text._ZThn4_N4UartD0Ev  uart.o
    0x08003622   0x08003622   0x00000002   PAD
    0x08003624   0x08003624   0x00000006   Code   RO          331    .text._ZThn4_N4UartD1Ev  uart.o
    0x0800362a   0x0800362a   0x00000004   Code   RO         1696    .text._ZdlPv        libcpp_w.l(new.cpp.o)
    0x0800362e   0x0800362e   0x00000002   PAD
    0x08003630   0x08003630   0x0000005c   Code   RO         1731    .text.__cxa_guard_acquire  libcppabi_w.l(cxa_guard.cpp.o)
    0x0800368c   0x0800368c   0x00000008   Code   RO         1733    .text.__cxa_guard_release  libcppabi_w.l(cxa_guard.cpp.o)
    0x08003694   0x08003694   0x00000028   Code   RO         1739    .text.__cxa_pure_virtual  libcppabi_w.l(cxa_virtual.cpp.o)
    0x080036bc   0x080036bc   0x0000001a   Code   RO          146    .text.__cxx_global_var_init  main.o
    0x080036d6   0x080036d6   0x00000002   PAD
    0x080036d8   0x080036d8   0x0000001a   Code   RO          148    .text.__cxx_global_var_init.1  main.o
    0x080036f2   0x080036f2   0x00000002   PAD
    0x080036f4   0x080036f4   0x0000001a   Code   RO          150    .text.__cxx_global_var_init.2  main.o
    0x0800370e   0x0800370e   0x00000002   PAD
    0x08003710   0x08003710   0x00000010   Code   RO          152    .text.__cxx_global_var_init.3  main.o
    0x08003720   0x08003720   0x00000010   Code   RO          154    .text.__cxx_global_var_init.4  main.o
    0x08003730   0x08003730   0x00000034   Code   RO          156    .text.__cxx_global_var_init.5  main.o
    0x08003764   0x08003764   0x00000020   Code   RO          351    .text._mutex_acquire  clib_os.o
    0x08003784   0x08003784   0x00000032   Code   RO          357    .text._mutex_free   clib_os.o
    0x080037b6   0x080037b6   0x00000002   PAD
    0x080037b8   0x080037b8   0x00000058   Code   RO          349    .text._mutex_initialize  clib_os.o
    0x08003810   0x08003810   0x00000022   Code   RO          355    .text._mutex_release  clib_os.o
    0x08003832   0x08003832   0x00000002   PAD
    0x08003834   0x08003834   0x00000002   Code   RO          343    .text._platform_post_stackheap_init  clib_os.o
    0x08003836   0x08003836   0x00000004   Code   RO         1882    .text.abort_message  libcppabi_w.l(abort_message.cpp.o)
    0x0800383a   0x0800383a   0x00000002   PAD
    0x0800383c   0x0800383c   0x0000000c   Code   RO          353    .text.is_thread_mode  clib_os.o
    0x08003848   0x08003848   0x000002c8   Code   RO          158    .text.main          main.o
    0x08003b10   0x08003b10   0x00000010   Code   RO          347    .text.os_kernel_is_active  clib_os.o
    0x08003b20   0x08003b20   0x000000b2   Code   RO         1377    .text.prvAddCurrentTaskToDelayedList  tasks.o
    0x08003bd2   0x08003bd2   0x00000002   PAD
    0x08003bd4   0x08003bd4   0x000000cc   Code   RO         1361    .text.prvAddNewTaskToReadyList  tasks.o
    0x08003ca0   0x08003ca0   0x0000006a   Code   RO         1540    .text.prvCheckForValidListAndQueue  timers.o
    0x08003d0a   0x08003d0a   0x00000002   PAD
    0x08003d0c   0x08003d0c   0x0000004e   Code   RO         1411    .text.prvCheckTasksWaitingTermination  tasks.o
    0x08003d5a   0x08003d5a   0x00000002   PAD
    0x08003d5c   0x08003d5c   0x00000026   Code   RO         1313    .text.prvCopyDataFromQueue  queue.o
    0x08003d82   0x08003d82   0x00000002   PAD
    0x08003d84   0x08003d84   0x0000007a   Code   RO         1301    .text.prvCopyDataToQueue  queue.o
    0x08003dfe   0x08003dfe   0x00000002   PAD
    0x08003e00   0x08003e00   0x0000006c   Code   RO         1407    .text.prvCreateIdleTasks  tasks.o
    0x08003e6c   0x08003e6c   0x00000072   Code   RO         1359    .text.prvCreateStaticTask  tasks.o
    0x08003ede   0x08003ede   0x00000002   PAD
    0x08003ee0   0x08003ee0   0x0000005c   Code   RO         1365    .text.prvCreateTask  tasks.o
    0x08003f3c   0x08003f3c   0x00000026   Code   RO         1371    .text.prvDeleteTCB  tasks.o
    0x08003f62   0x08003f62   0x00000002   PAD
    0x08003f64   0x08003f64   0x00000012   Code   RO         1317    .text.prvGetHighestPriorityOfWaitToReceiveList  queue.o
    0x08003f76   0x08003f76   0x00000002   PAD
    0x08003f78   0x08003f78   0x00000020   Code   RO         1586    .text.prvGetNextExpireTime  timers.o
    0x08003f98   0x08003f98   0x0000006a   Code   RO         1234    .text.prvHeapInit   heap_4.o
    0x08004002   0x08004002   0x00000002   PAD
    0x08004004   0x08004004   0x0000002a   Code   RO         1501    .text.prvIdleTask   tasks.o
    0x0800402e   0x0800402e   0x00000002   PAD
    0x08004030   0x08004030   0x00000020   Code   RO         1281    .text.prvInitialiseMutex  queue.o
    0x08004050   0x08004050   0x00000020   Code   RO         1273    .text.prvInitialiseNewQueue  queue.o
    0x08004070   0x08004070   0x0000008c   Code   RO         1497    .text.prvInitialiseNewTask  tasks.o
    0x080040fc   0x080040fc   0x00000070   Code   RO         1499    .text.prvInitialiseTaskLists  tasks.o
    0x0800416c   0x0800416c   0x00000078   Code   RO         1238    .text.prvInsertBlockIntoFreeList  heap_4.o
    0x080041e4   0x080041e4   0x00000040   Code   RO         1600    .text.prvInsertTimerInActiveList  timers.o
    0x08004224   0x08004224   0x00000018   Code   RO         1315    .text.prvIsQueueEmpty  queue.o
    0x0800423c   0x0800423c   0x0000001c   Code   RO         1303    .text.prvIsQueueFull  queue.o
    0x08004258   0x08004258   0x00000020   Code   RO         1209    .text.prvPortStartFirstTask  port.o
    0x08004278   0x08004278   0x0000003e   Code   RO         1594    .text.prvProcessExpiredTimer  timers.o
    0x080042b6   0x080042b6   0x00000002   PAD
    0x080042b8   0x080042b8   0x00000118   Code   RO         1590    .text.prvProcessReceivedCommands  timers.o
    0x080043d0   0x080043d0   0x00000080   Code   RO         1588    .text.prvProcessTimerOrBlockTask  timers.o
    0x08004450   0x08004450   0x0000003a   Code   RO         1598    .text.prvReloadTimer  timers.o
    0x0800448a   0x0800448a   0x00000002   PAD
    0x0800448c   0x0800448c   0x00000026   Code   RO         1369    .text.prvResetNextTaskUnblockTime  tasks.o
    0x080044b2   0x080044b2   0x00000002   PAD
    0x080044b4   0x080044b4   0x0000002a   Code   RO         1592    .text.prvSampleTimeNow  timers.o
    0x080044de   0x080044de   0x00000002   PAD
    0x080044e0   0x080044e0   0x00000034   Code   RO         1596    .text.prvSwitchTimerLists  timers.o
    0x08004514   0x08004514   0x00000032   Code   RO         1199    .text.prvTaskExitError  port.o
    0x08004546   0x08004546   0x00000002   PAD
    0x08004548   0x08004548   0x0000003a   Code   RO         1401    .text.prvTaskIsTaskSuspended  tasks.o
    0x08004582   0x08004582   0x00000002   PAD
    0x08004584   0x08004584   0x00000018   Code   RO         1149    .text.prvTestWaitCondition  event_groups.o
    0x0800459c   0x0800459c   0x00000016   Code   RO         1542    .text.prvTimerTask  timers.o
    0x080045b2   0x080045b2   0x00000002   PAD
    0x080045b4   0x080045b4   0x00000072   Code   RO         1305    .text.prvUnlockQueue  queue.o
    0x08004626   0x08004626   0x00000002   PAD
    0x08004628   0x08004628   0x0000014e   Code   RO         1232    .text.pvPortMalloc  heap_4.o
    0x08004776   0x08004776   0x00000002   PAD
    0x08004778   0x08004778   0x00000018   Code   RO         1475    .text.pvTaskIncrementMutexHeldCount  tasks.o
    0x08004790   0x08004790   0x00000020   Code   RO         1197    .text.pxPortInitialiseStack  port.o
    0x080047b0   0x080047b0   0x00000026   Code   RO         1187    .text.uxListRemove  list.o
    0x080047d6   0x080047d6   0x00000002   PAD
    0x080047d8   0x080047d8   0x0000000c   Code   RO         1419    .text.uxTaskGetNumberOfTasks  tasks.o
    0x080047e4   0x080047e4   0x0000001a   Code   RO         1473    .text.uxTaskResetEventItemValue  tasks.o
    0x080047fe   0x080047fe   0x00000002   PAD
    0x08004800   0x08004800   0x0000001a   Code   RO         1491    .text.vApplicationGetIdleTaskMemory  tasks.o
    0x0800481a   0x0800481a   0x00000002   PAD
    0x0800481c   0x0800481c   0x0000001a   Code   RO         1493    .text.vApplicationGetTimerTaskMemory  tasks.o
    0x08004836   0x08004836   0x00000002   PAD
    0x08004838   0x08004838   0x00000004   Code   RO          525    .text.vApplicationStackOverflowHook  cmsis_os2.o
    0x0800483c   0x0800483c   0x00000016   Code   RO         1179    .text.vListInitialise  list.o
    0x08004852   0x08004852   0x00000002   PAD
    0x08004854   0x08004854   0x00000006   Code   RO         1181    .text.vListInitialiseItem  list.o
    0x0800485a   0x0800485a   0x00000002   PAD
    0x0800485c   0x0800485c   0x0000003a   Code   RO         1185    .text.vListInsert   list.o
    0x08004896   0x08004896   0x00000002   PAD
    0x08004898   0x08004898   0x0000001c   Code   RO         1183    .text.vListInsertEnd  list.o
    0x080048b4   0x080048b4   0x00000036   Code   RO         1213    .text.vPortEnterCritical  port.o
    0x080048ea   0x080048ea   0x00000002   PAD
    0x080048ec   0x080048ec   0x00000020   Code   RO         1215    .text.vPortExitCritical  port.o
    0x0800490c   0x0800490c   0x0000007e   Code   RO         1236    .text.vPortFree     heap_4.o
    0x0800498a   0x0800498a   0x00000002   PAD
    0x0800498c   0x0800498c   0x00000034   Code   RO         1207    .text.vPortSetupTimerInterrupt  port.o
    0x080049c0   0x080049c0   0x00000044   Code   RO         1219    .text.vPortValidateInterruptPriority  port.o
    0x08004a04   0x08004a04   0x00000014   Code   RO         1331    .text.vQueueDelete  queue.o
    0x08004a18   0x08004a18   0x00000044   Code   RO         1347    .text.vQueueWaitForMessageRestricted  queue.o
    0x08004a5c   0x08004a5c   0x00000044   Code   RO         1381    .text.vTaskDelay    tasks.o
    0x08004aa0   0x08004aa0   0x0000001a   Code   RO         1445    .text.vTaskInternalSetTimeOutState  tasks.o
    0x08004aba   0x08004aba   0x00000002   PAD
    0x08004abc   0x08004abc   0x0000000e   Code   RO         1449    .text.vTaskMissedYield  tasks.o
    0x08004aca   0x08004aca   0x00000002   PAD
    0x08004acc   0x08004acc   0x00000022   Code   RO         1433    .text.vTaskPlaceOnEventList  tasks.o
    0x08004aee   0x08004aee   0x00000002   PAD
    0x08004af0   0x08004af0   0x00000052   Code   RO         1437    .text.vTaskPlaceOnEventListRestricted  tasks.o
    0x08004b42   0x08004b42   0x00000002   PAD
    0x08004b44   0x08004b44   0x00000056   Code   RO         1435    .text.vTaskPlaceOnUnorderedEventList  tasks.o
    0x08004b9a   0x08004b9a   0x00000002   PAD
    0x08004b9c   0x08004b9c   0x00000098   Code   RO         1471    .text.vTaskPriorityDisinheritAfterTimeout  tasks.o
    0x08004c34   0x08004c34   0x000000cc   Code   RO         1441    .text.vTaskRemoveFromUnorderedEventList  tasks.o
    0x08004d00   0x08004d00   0x0000009a   Code   RO         1399    .text.vTaskResume   tasks.o
    0x08004d9a   0x08004d9a   0x00000002   PAD
    0x08004d9c   0x08004d9c   0x00000060   Code   RO         1405    .text.vTaskStartScheduler  tasks.o
    0x08004dfc   0x08004dfc   0x000000c0   Code   RO         1395    .text.vTaskSuspend  tasks.o
    0x08004ebc   0x08004ebc   0x00000010   Code   RO         1375    .text.vTaskSuspendAll  tasks.o
    0x08004ecc   0x08004ecc   0x000000ce   Code   RO         1397    .text.vTaskSwitchContext  tasks.o
    0x08004f9a   0x08004f9a   0x00000002   PAD
    0x08004f9c   0x08004f9c   0x0000001c   Code   RO         1141    .text.xEventGroupCreate  event_groups.o
    0x08004fb8   0x08004fb8   0x00000090   Code   RO         1145    .text.xEventGroupSetBits  event_groups.o
    0x08005048   0x08005048   0x000000d4   Code   RO         1147    .text.xEventGroupWaitBits  event_groups.o
    0x0800511c   0x0800511c   0x000000ec   Code   RO         1203    .text.xPortStartScheduler  port.o
    0x08005208   0x08005208   0x0000002e   Code   RO         1217    .text.xPortSysTickHandler  port.o
    0x08005236   0x08005236   0x00000002   PAD
    0x08005238   0x08005238   0x00000016   Code   RO         1279    .text.xQueueCreateMutex  queue.o
    0x0800524e   0x0800524e   0x00000002   PAD
    0x08005250   0x08005250   0x00000022   Code   RO         1283    .text.xQueueCreateMutexStatic  queue.o
    0x08005272   0x08005272   0x00000002   PAD
    0x08005274   0x08005274   0x0000004e   Code   RO         1277    .text.xQueueGenericCreate  queue.o
    0x080052c2   0x080052c2   0x00000002   PAD
    0x080052c4   0x080052c4   0x0000004a   Code   RO         1271    .text.xQueueGenericCreateStatic  queue.o
    0x0800530e   0x0800530e   0x00000002   PAD
    0x08005310   0x08005310   0x0000009a   Code   RO         1269    .text.xQueueGenericReset  queue.o
    0x080053aa   0x080053aa   0x00000002   PAD
    0x080053ac   0x080053ac   0x00000166   Code   RO         1291    .text.xQueueGenericSend  queue.o
    0x08005512   0x08005512   0x00000002   PAD
    0x08005514   0x08005514   0x000000d2   Code   RO         1307    .text.xQueueGenericSendFromISR  queue.o
    0x080055e6   0x080055e6   0x00000002   PAD
    0x080055e8   0x080055e8   0x00000148   Code   RO         1311    .text.xQueueReceive  queue.o
    0x08005730   0x08005730   0x0000017a   Code   RO         1295    .text.xQueueSemaphoreTake  queue.o
    0x080058aa   0x080058aa   0x00000002   PAD
    0x080058ac   0x080058ac   0x0000008a   Code   RO         1447    .text.xTaskCheckForTimeOut  tasks.o
    0x08005936   0x08005936   0x00000002   PAD
    0x08005938   0x08005938   0x00000024   Code   RO         1363    .text.xTaskCreate   tasks.o
    0x0800595c   0x0800595c   0x0000002a   Code   RO         1357    .text.xTaskCreateStatic  tasks.o
    0x08005986   0x08005986   0x00000002   PAD
    0x08005988   0x08005988   0x0000007e   Code   RO         1373    .text.xTaskDelayUntil  tasks.o
    0x08005a06   0x08005a06   0x00000002   PAD
    0x08005a08   0x08005a08   0x00000026   Code   RO         1465    .text.xTaskGetSchedulerState  tasks.o
    0x08005a2e   0x08005a2e   0x00000002   PAD
    0x08005a30   0x08005a30   0x0000000c   Code   RO         1415    .text.xTaskGetTickCount  tasks.o
    0x08005a3c   0x08005a3c   0x0000019c   Code   RO         1413    .text.xTaskIncrementTick  tasks.o
    0x08005bd8   0x08005bd8   0x00000088   Code   RO         1469    .text.xTaskPriorityDisinherit  tasks.o
    0x08005c60   0x08005c60   0x000000a6   Code   RO         1467    .text.xTaskPriorityInherit  tasks.o
    0x08005d06   0x08005d06   0x00000002   PAD
    0x08005d08   0x08005d08   0x000000e4   Code   RO         1439    .text.xTaskRemoveFromEventList  tasks.o
    0x08005dec   0x08005dec   0x00000164   Code   RO         1379    .text.xTaskResumeAll  tasks.o
    0x08005f50   0x08005f50   0x00000070   Code   RO         1538    .text.xTimerCreateTimerTask  timers.o
    0x08005fc0   0x08005fc0   0x0000000e   Code   RO         1642    i._is_digit         c_w.l(__printf_wp.o)
    0x08005fce   0x08005fce   0x00000011   Data   RO         1645    .constdata          c_w.l(__printf_flags_wp.o)
    0x08005fdf   0x08005fdf   0x00000004   Data   RO          847    .rodata.ADCPrescTable  stm32f10x_rcc.o
    0x08005fe3   0x08005fe3   0x00000010   Data   RO         1129    .rodata.AHBPrescTable  system_stm32f10x.o
    0x08005ff3   0x08005ff3   0x00000010   Data   RO          846    .rodata.APBAHBPrescTable  stm32f10x_rcc.o
    0x08006003   0x08006003   0x00000001   PAD
    0x08006004   0x08006004   0x00000018   Data   RO          340    .rodata._ZTV11IByteReader  uart.o
    0x0800601c   0x0800601c   0x00000014   Data   RO          339    .rodata._ZTV11IByteWriter  uart.o
    0x08006030   0x08006030   0x00000048   Data   RO          315    .rodata._ZTV4Uart   uart.o
    0x08006078   0x08006078   0x00000010   Data   RO           58    .rodata._ZTV7GpioPin  gpio.o
    0x08006088   0x08006088   0x00000015   Data   RO          215    .rodata.str1.1      main.o
    0x0800609d   0x0800609d   0x00000003   PAD
    0x080060a0   0x080060a0   0x00000004   Data   RO         1519    .rodata.uxTopUsedPriority  tasks.o
    0x080060a4   0x080060a4   0x00000020   Data   RO         2081    Region$$Table       anon$$obj.o
    0x080060c4   0x080060c4   0x00000004   Data   RO          216    .init_array         main.o
    0x080060c8   0x080060c4   0x00000000   Data   RO         1680    .init_array         c_w.l(init_aeabi.o)


    Execution Region RW_IRAM1 (Exec base: 0x20000000, Load base: 0x080060c8, Size: 0x00003440, Max: 0x00005000, ABSOLUTE)

    Exec Addr    Load Addr    Size         Type   Attr      Idx    E Section Name        Object

    0x20000000   0x080060c8   0x00000004   Data   RW         1128    .data.SystemCoreClock  system_stm32f10x.o
    0x20000004   0x080060cc   0x00000004   Data   RW         1223    .data.uxCriticalNesting  port.o
    0x20000008        -       0x00000060   Zero   RW         1983    .bss                c_w.l(libspace.o)
    0x20000068        -       0x00000004   Zero   RW          201    .bss._ZGVZ4mainE5s_lcd  main.o
    0x2000006c        -       0x00000004   Zero   RW          204    .bss._ZGVZ4mainE5s_rtc  main.o
    0x20000070        -       0x00000004   Zero   RW          207    .bss._ZGVZ4mainE9s_encoder  main.o
    0x20000074        -       0x0000003c   Zero   RW          193    .bss._ZL10g_dbg_uart  main.o
    0x200000b0        -       0x00000004   Zero   RW          197    .bss._ZL10g_i2c1_mtx  main.o
    0x200000b4        -       0x00000004   Zero   RW          198    .bss._ZL10g_i2c2_mtx  main.o
    0x200000b8        -       0x00000007   Zero   RW          214    .bss._ZL11g_edit_time  main.o
    0x200000bf   0x080060d0   0x00000001   PAD
    0x200000c0        -       0x00000004   Zero   RW          196    .bss._ZL11g_rtc_cmd_q  main.o
    0x200000c4        -       0x00000004   Zero   RW          199    .bss._ZL11g_state_mtx  main.o
    0x200000c8        -       0x00000001   Zero   RW          213    .bss._ZL12g_edit_field  main.o
    0x200000c9   0x080060d0   0x00000003   PAD
    0x200000cc        -       0x00000004   Zero   RW          208    .bss._ZL12g_power_task  main.o
    0x200000d0        -       0x00000004   Zero   RW          194    .bss._ZL5g_evt      main.o
    0x200000d4        -       0x00000004   Zero   RW          202    .bss._ZL5g_lcd      main.o
    0x200000d8        -       0x00000004   Zero   RW          205    .bss._ZL5g_rtc      main.o
    0x200000dc        -       0x00000007   Zero   RW          211    .bss._ZL6g_time     main.o
    0x200000e3   0x080060d0   0x00000001   PAD
    0x200000e4        -       0x00000008   Zero   RW          191    .bss._ZL9g_i2c_lcd  main.o
    0x200000ec        -       0x00000008   Zero   RW          192    .bss._ZL9g_i2c_rtc  main.o
    0x200000f4        -       0x00000001   Zero   RW          212    .bss._ZL9g_in_edit  main.o
    0x200000f5   0x080060d0   0x00000003   PAD
    0x200000f8        -       0x00000004   Zero   RW          195    .bss._ZL9g_input_q  main.o
    0x200000fc        -       0x00000018   Zero   RW          190    .bss._ZL9g_pin_btn  main.o
    0x20000114        -       0x00000018   Zero   RW          188    .bss._ZL9g_pin_lcd  main.o
    0x2000012c        -       0x00000018   Zero   RW          189    .bss._ZL9g_pin_rtc  main.o
    0x20000144        -       0x00000004   Zero   RW          264    .bss._ZN13RotaryEncoder11s_instance_E  rotary.o
    0x20000148        -       0x00000004   Zero   RW          265    .bss._ZN13RotaryEncoder8s_queue_E  rotary.o
    0x2000014c        -       0x00000001   Zero   RW          317    .bss._ZZ17USART1_IRQHandlerE3idx  uart.o
    0x2000014d   0x080060d0   0x00000003   PAD
    0x20000150        -       0x00000040   Zero   RW          316    .bss._ZZ17USART1_IRQHandlerE5rxbuf  uart.o
    0x20000190        -       0x00000008   Zero   RW          200    .bss._ZZ4mainE5s_lcd  main.o
    0x20000198        -       0x00000004   Zero   RW          203    .bss._ZZ4mainE5s_rtc  main.o
    0x2000019c        -       0x0000001c   Zero   RW          206    .bss._ZZ4mainE9s_encoder  main.o
    0x200001b8        -       0x00000011   Zero   RW          209    .bss._ZZL8Task_LCDPvE5last0  main.o
    0x200001c9        -       0x00000011   Zero   RW          210    .bss._ZZL8Task_LCDPvE5last1  main.o
    0x200001da   0x080060d0   0x00000002   PAD
    0x200001dc        -       0x00000190   Zero   RW          362    .bss.clib_mutex_cb  clib_os.o
    0x2000036c        -       0x00000014   Zero   RW          361    .bss.clib_mutex_id  clib_os.o
    0x20000380        -       0x00000004   Zero   RW          314    .bss.g_uart_line_q  uart.o
    0x20000384        -       0x00000050   Zero   RW         1610    .bss.prvCheckForValidListAndQueue.ucStaticTimerQueueStorage  timers.o
    0x200003d4        -       0x00000050   Zero   RW         1609    .bss.prvCheckForValidListAndQueue.xStaticTimerQueue  timers.o
    0x20000424        -       0x00000004   Zero   RW         1606    .bss.prvSampleTimeNow.xLastTime  timers.o
    0x20000428        -       0x00000004   Zero   RW         1503    .bss.pxCurrentTCB   tasks.o
    0x2000042c        -       0x00000004   Zero   RW         1604    .bss.pxCurrentTimerList  timers.o
    0x20000430        -       0x00000004   Zero   RW         1511    .bss.pxDelayedTaskList  tasks.o
    0x20000434        -       0x00000004   Zero   RW         1254    .bss.pxEnd          heap_4.o
    0x20000438        -       0x00000004   Zero   RW         1512    .bss.pxOverflowDelayedTaskList  tasks.o
    0x2000043c        -       0x00000004   Zero   RW         1605    .bss.pxOverflowTimerList  timers.o
    0x20000440        -       0x00000460   Zero   RW         1515    .bss.pxReadyTasksLists  tasks.o
    0x200008a0        -       0x00002000   Zero   RW         1257    .bss.ucHeap         heap_4.o
    0x200028a0        -       0x00000001   Zero   RW         1221    .bss.ucMaxSysCallPriority  port.o
    0x200028a1   0x080060d0   0x00000003   PAD
    0x200028a4        -       0x00000004   Zero   RW         1222    .bss.ulMaxPRIGROUPValue  port.o
    0x200028a8        -       0x00000004   Zero   RW         1508    .bss.uxCurrentNumberOfTasks  tasks.o
    0x200028ac        -       0x00000004   Zero   RW         1507    .bss.uxDeletedTasksWaitingCleanUp  tasks.o
    0x200028b0        -       0x00000004   Zero   RW         1509    .bss.uxSchedulerSuspended  tasks.o
    0x200028b4        -       0x00000004   Zero   RW         1504    .bss.uxTaskNumber   tasks.o
    0x200028b8        -       0x00000004   Zero   RW         1516    .bss.uxTopReadyPriority  tasks.o
    0x200028bc        -       0x00000200   Zero   RW         1523    .bss.vApplicationGetIdleTaskMemory.uxIdleTaskStack  tasks.o
    0x20002abc        -       0x0000005c   Zero   RW         1522    .bss.vApplicationGetIdleTaskMemory.xIdleTaskTCB  tasks.o
    0x20002b18        -       0x00000200   Zero   RW         1525    .bss.vApplicationGetTimerTaskMemory.uxTimerTaskStack  tasks.o
    0x20002d18        -       0x0000005c   Zero   RW         1524    .bss.vApplicationGetTimerTaskMemory.xTimerTaskTCB  tasks.o
    0x20002d74        -       0x00000014   Zero   RW         1607    .bss.xActiveTimerList1  timers.o
    0x20002d88        -       0x00000014   Zero   RW         1608    .bss.xActiveTimerList2  timers.o
    0x20002d9c        -       0x00000014   Zero   RW         1526    .bss.xDelayedTaskList1  tasks.o
    0x20002db0        -       0x00000014   Zero   RW         1527    .bss.xDelayedTaskList2  tasks.o
    0x20002dc4        -       0x00000004   Zero   RW         1255    .bss.xFreeBytesRemaining  heap_4.o
    0x20002dc8        -       0x00000004   Zero   RW         1529    .bss.xIdleTaskHandles.0  tasks.o
    0x20002dcc        -       0x00000004   Zero   RW         1258    .bss.xMinimumEverFreeBytesRemaining  heap_4.o
    0x20002dd0        -       0x00000004   Zero   RW         1518    .bss.xNextTaskUnblockTime  tasks.o
    0x20002dd4        -       0x00000004   Zero   RW         1521    .bss.xNumOfOverflows  tasks.o
    0x20002dd8        -       0x00000004   Zero   RW         1259    .bss.xNumberOfSuccessfulAllocations  heap_4.o
    0x20002ddc        -       0x00000004   Zero   RW         1260    .bss.xNumberOfSuccessfulFrees  heap_4.o
    0x20002de0        -       0x00000004   Zero   RW         1520    .bss.xPendedTicks   tasks.o
    0x20002de4        -       0x00000014   Zero   RW         1513    .bss.xPendingReadyList  tasks.o
    0x20002df8        -       0x00000004   Zero   RW         1505    .bss.xSchedulerRunning  tasks.o
    0x20002dfc        -       0x00000008   Zero   RW         1256    .bss.xStart         heap_4.o
    0x20002e04        -       0x00000014   Zero   RW         1514    .bss.xSuspendedTaskList  tasks.o
    0x20002e18        -       0x00000014   Zero   RW         1506    .bss.xTasksWaitingTermination  tasks.o
    0x20002e2c        -       0x00000004   Zero   RW         1510    .bss.xTickCount     tasks.o
    0x20002e30        -       0x00000004   Zero   RW         1602    .bss.xTimerQueue    timers.o
    0x20002e34        -       0x00000004   Zero   RW         1603    .bss.xTimerTaskHandle  timers.o
    0x20002e38        -       0x00000004   Zero   RW         1517    .bss.xYieldPendings  tasks.o
    0x20002e3c   0x080060d0   0x00000004   PAD
    0x20002e40        -       0x00000200   Zero   RW         1112    HEAP                startup_stm32f10x_md.o
    0x20003040        -       0x00000400   Zero   RW         1111    STACK               startup_stm32f10x_md.o


==============================================================================

Image component sizes


      Code (inc. data)   RO Data    RW Data    ZI Data      Debug   Object Name

       234          0          0          0        420       4029   clib_os.o
        30          0          0          0          0      38357   cmsis_os2.o
       818         12          0          0          0       5768   ds1307.o
       408          0          0          0          0       8817   event_groups.o
       354         28         16          0          0       8782   gpio.o
       686          0          0          0       8220       5430   heap_4.o
      1236          0          0          0          0       9302   i2c.o
       500          4          0          0          0      10533   lcd_i2c.o
       152          0          0          0          0       2359   list.o
      4642        172         25          0        286      35721   main.o
       114          0          0          0          0       3666   misc.o
       706         12          0          4          5       3876   port.o
      2132          0          0          0          0      20446   queue.o
       840         16          0          0          8      20322   rotary.o
        64         26        236          0       1536        892   startup_stm32f10x_md.o
       160          0          0          0          0       3049   stm32f10x_exti.o
       240          0          0          0          0       5980   stm32f10x_gpio.o
       412          0          0          0          0       8528   stm32f10x_i2c.o
        82          0          0          0          0       3285   stm32f10x_pwr.o
       232          0         20          0          0       7796   stm32f10x_rcc.o
       344          0          0          0          0       8064   stm32f10x_usart.o
       394          0         16          4          0       2989   system_stm32f10x.o
      4336          0          4          0       2488      36187   tasks.o
       958         18          0          0        220      14743   timers.o
       858          0        116          0         69      22576   uart.o

    ----------------------------------------------------------------------
     21200        288        469          8      13272     291497   Object Totals
         0          0         32          0          0          0   (incl. Generated)
       268          0          4          0         20          0   (incl. Padding)

    ----------------------------------------------------------------------

      Code (inc. data)   RO Data    RW Data    ZI Data      Debug   Library Member Name

         8          0          0          0          0         68   __main.o
       312          4         17          0          0         92   __printf_flags_wp.o
        14          0          0          0          0         68   __printf_wp.o
         0          0          0          0          0          0   __rtentry.o
        20          0          0          0          0          0   __rtentry2.o
         6          0          0          0          0          0   __rtentry4.o
        52          8          0          0          0          0   __scatter.o
        26          0          0          0          0          0   __scatter_copy.o
        28          0          0          0          0          0   __scatter_zi.o
        44          0          0          0          0        108   _printf_char.o
        48          6          0          0          0         96   _printf_char_common.o
       120         16          0          0          0         92   _printf_dec.o
       178          0          0          0          0         88   _printf_intcommon.o
        78          0          0          0          0        108   _printf_pad.o
         0          0          0          0          0          0   _printf_percent.o
         4          0          0          0          0          0   _printf_percent_end.o
         6          0          0          0          0          0   _printf_s.o
        82          0          0          0          0         80   _printf_str.o
         6          0          0          0          0          0   _printf_u.o
        16          0          0          0          0         68   _snputc.o
        10          0          0          0          0         68   _sputc.o
        22          0          0          0          0         80   abort.o
        46          0          0          0          0         84   aeabi_atexit.o
        16          0          0          0          0         68   aeabi_memset4.o
        10          0          0          0          0         68   cxa_atexit.o
        66          0          0          0          0         84   cxa_finalize.o
        48         34          0          0          0         76   defsig_abrt_inner.o
        14          0          0          0          0         80   defsig_abrt_outer.o
        10          0          0          0          0         68   defsig_exit.o
        50          0          0          0          0         88   defsig_general.o
        80         58          0          0          0         76   defsig_rtmem_inner.o
        14          0          0          0          0         80   defsig_rtmem_outer.o
        18          0          0          0          0         80   exit.o
       166          0          0          0          0        144   h1_alloc_threads.o
        82          0          0          0          0        104   h1_extend_threads.o
        10          0          0          0          0         76   h1_final_threads.o
       118          0          0          0          0        108   h1_free_threads.o
        18          0          0          0          0         84   h1_init_threads.o
         6          0          0          0          0        152   heapauxi.o
         4          0          0          0          0        136   hguard.o
         0          0          0          0          0          0   indicate_semi.o
        36          8          0          0          0         80   init_aeabi.o
       138          0          0          0          0        168   init_alloc.o
         2          0          0          0          0          0   libinit.o
        14          0          0          0          0          0   libinit2.o
         2          0          0          0          0          0   libshutdown.o
        12          0          0          0          0          0   libshutdown2.o
         8          4          0          0         96         68   libspace.o
         0          0          0          0          0          0   maybetermalloc2.o
        52          4          0          0          0         84   noretval__2snprintf.o
        10          0          0          0          0         76   rt_ddtor_pointer_addr_twolibspace.o
        10          0          0          0          0         76   rt_heap_descriptor_twolibspace.o
        68          0          0          0          0         68   rt_memclr.o
        78          0          0          0          0         80   rt_memclr_w.o
       138          0          0          0          0         68   rt_memcpy_v6.o
       100          0          0          0          0         80   rt_memcpy_w.o
         2          0          0          0          0          0   rtexit.o
        10          0          0          0          0          0   rtexit2.o
       128          0          0          0          0         68   strcmpv7m.o
        62          0          0          0          0         76   strlen.o
        86          0          0          0          0         76   strncpy.o
        12          4          0          0          0         68   sys_exit.o
        74          0          0          0          0         80   sys_stackheap_outer.o
        14          0          0          0          0         76   sys_wrch.o
        16          0          0          0          0         80   term_alloc.o
         2          0          0          0          0         68   use_no_semi.o
         4          0          0          0          0        380   new.cpp.o
         4          0          0          0          0         36   abort_message.cpp.o
       100         56          0          0          0         76   cxa_guard.cpp.o
        40         32          0          0          0         52   cxa_virtual.cpp.o

    ----------------------------------------------------------------------
      3090        234         17          0         96       4656   Library Totals
        12          0          0          0          0          0   (incl. Padding)

    ----------------------------------------------------------------------

      Code (inc. data)   RO Data    RW Data    ZI Data      Debug   Library Name

      2930        146         17          0         96       4112   c_w.l
         4          0          0          0          0        380   libcpp_w.l
       144         88          0          0          0        164   libcppabi_w.l

    ----------------------------------------------------------------------
      3090        234         17          0         96       4656   Library Totals

    ----------------------------------------------------------------------

==============================================================================


      Code (inc. data)   RO Data    RW Data    ZI Data      Debug   

     24290        522        486          8      13368     293433   Grand Totals
     24290        522        486          8      13368     293433   ELF Image Totals
     24290        522        486          8          0          0   ROM Totals

==============================================================================

    Total RO  Size (Code + RO Data)                24776 (  24.20kB)
    Total RW  Size (RW Data + ZI Data)             13376 (  13.06kB)
    Total ROM Size (Code + RO Data + RW Data)      24784 (  24.20kB)

==============================================================================

